--------- beginning of kernel
04-19 15:53:01.746     0     0 I [ 1715.261463@2]  binder: undelivered transaction 272632, process died.
04-19 15:53:01.746     0     0 I [ 1715.261473@2]  binder: undelivered transaction 272649, process died.
04-19 15:53:01.746     0     0 I [ 1715.261510@2]  binder: undelivered transaction 272604, process died.
04-19 15:53:01.746     0     0 I [ 1715.261584@2]  binder: undelivered transaction 272600, process died.
04-19 15:53:01.746     0     0 I [ 1715.261590@2]  binder: undelivered transaction 272607, process died.
04-19 15:53:01.746     0     0 I [ 1715.262622@3]  [13]: reset mode: 1, es frames buffering: 19
04-19 15:53:01.746     0     0 D         : [ 1715.262632@3]  vdec_v4l2_reset 1
--------- beginning of main
04-19 15:53:01.746   482  1048 D BufferPoolConnection: connection 2072321720358 closed on death
04-19 15:53:01.747   482  1091 V C2Store : in ~ComponentModule
04-19 15:53:01.747   482  1091 V C2Store : unloading dll
04-19 15:53:01.748   482  1091 D BufferPoolAccessor2.0: Destruction - bufferpool2 0xee2c3628 cached: 0/0M, 0/0% in use; allocs: 456, 99% recycled; transfers: 456, 99% unfetched
04-19 15:53:01.753     0     0 W         : [ 1715.263002@3]  vmh264 reset
04-19 15:53:01.753     0     0 D [ 1715.263023@3]  0: h264_reset_bufmgr_v4l frame count 1 to skip 0
04-19 15:53:01.753     0     0 D         : [ 1715.263023@3]
04-19 15:53:01.753     0     0 W         : [ 1715.263055@3]  H264 sysinfo: 1920x1088 duration=3200, pts_outside=1
04-19 15:53:01.753     0     0 D         : [ 1715.263060@3]  sync_outside=1, use_idr_framerate=0, is_used_v4l: 1
04-19 15:53:01.753     0     0 D [ 1715.263068@3]  0: level_idc = 40 pic_size = 3133440 size = 4
04-19 15:53:01.753     0     0 D [ 1715.263076@3]  0: AV_SCRATCH_1 = 841fe078, AV_SCRATCH_2 = 1a063, AV_SCRATCH_B: = 428
04-19 15:53:01.753     0     0 D [ 1715.263114@3]  0: chroma_format_idc = 1 frame_mbs_only_flag 1, crop_bottom 8,  frame_height 1080,
04-19 15:53:01.753     0     0 D [ 1715.263121@3]  0: mb_height 68,crop_right 0, frame_width 1920, mb_width 120
04-19 15:53:01.753     0     0 D [ 1715.263128@3]  0: mb height/widht/total: 44/78/1fe0 level_idc 28 max_ref_num 4
04-19 15:53:01.753     0     0 D [ 1715.263138@3]  0: vh264_set_params active_buf_spec_num 14 dec_dpb_size 5 collocate_buf_num 8
04-19 15:53:01.753     0     0 W [ 1715.263144@3]  v4l: delay alloc the buffer.
04-19 15:53:01.753     0     0 W [ 1715.264702@3]  v4l: delay alloc the buffer.
04-19 15:53:01.753     0     0 D [ 1715.264725@3]  0: reset
04-19 15:53:01.756   481  5249 I VDA     : [0] "Stop[0] state 3\n"
04-19 15:53:01.756   481  5249 I VDA     : [0] "Stop[1] state 3\n"
04-19 15:53:01.756   481  5249 I VDA     : [0] "Stop[2] state 1\n"
04-19 15:53:01.756   481  5249 I VDA     : [0] "Stop[3] state 3\n"
04-19 15:53:01.756   481  5249 I VDA     : [0] "Stop[4] state 1\n"
04-19 15:53:01.756   481  5249 I VDA     : [0] "Stop[5] state 3\n"
04-19 15:53:01.756   481  5249 I VDA     : [0] "Stop[6] state 3\n"
04-19 15:53:01.756   481  5249 I VDA     : [0] "Stop[7] state 3\n"
04-19 15:53:01.756   481  5249 I VDA     : [0] "Stop[8] state 3\n"
04-19 15:53:01.756   481  5249 I VDA     : [0] "Stop[9] state 3\n"
04-19 15:53:01.756   481  5249 I VDA     : [0] "Stop[10] state 3\n"
04-19 15:53:01.756   481  5249 I VDA     : [0] "Stop[11] state 3\n"
04-19 15:53:01.756   481  5249 I VDA     : [0] "Stop[12] state 1\n"
04-19 15:53:01.756   481  5249 I VDA     : [0] "Stop[13] state 3\n"
04-19 15:53:01.756   481  5249 I VDA     : [0] "StopInputStream input_streamon 1, input_buffer_map_.size 3\n"
04-19 15:53:01.758     0     0 I [ 1715.272420@3]  [13]: fb_map_table_clean done
04-19 15:53:01.758     0     0 I [ 1715.272434@3]  [13]: fb_token_clean done
04-19 15:53:01.758     0     0 I [ 1715.272760@3]  [13]: seek force reset to drop es frames.
04-19 15:53:01.758     0     0 I [ 1715.272779@3]  [13]: reset mode: 1, es frames buffering: 0
04-19 15:53:01.758     0     0 D         : [ 1715.272785@3]  vdec_v4l2_reset 1
04-19 15:53:01.758     0     0 W         : [ 1715.272832@3]  vmh264 reset
04-19 15:53:01.758     0     0 D [ 1715.272843@3]  0: h264_reset_bufmgr_v4l frame count 1 to skip 0
04-19 15:53:01.758     0     0 D         : [ 1715.272843@3]
04-19 15:53:01.758     0     0 W         : [ 1715.272872@3]  H264 sysinfo: 1920x1088 duration=3200, pts_outside=1
04-19 15:53:01.758     0     0 D         : [ 1715.272877@3]  sync_outside=1, use_idr_framerate=0, is_used_v4l: 1
04-19 15:53:01.758     0     0 D [ 1715.272885@3]  0: level_idc = 40 pic_size = 3133440 size = 4
04-19 15:53:01.758     0     0 D [ 1715.272893@3]  0: AV_SCRATCH_1 = 841fe078, AV_SCRATCH_2 = 1a063, AV_SCRATCH_B: = 428
04-19 15:53:01.758     0     0 D [ 1715.272930@3]  0: chroma_format_idc = 1 frame_mbs_only_flag 1, crop_bottom 8,  frame_height 1080,
04-19 15:53:01.758     0     0 D [ 1715.272937@3]  0: mb_height 68,crop_right 0, frame_width 1920, mb_width 120
04-19 15:53:01.758     0     0 D [ 1715.272944@3]  0: mb height/widht/total: 44/78/1fe0 level_idc 28 max_ref_num 4
04-19 15:53:01.758     0     0 D [ 1715.272952@3]  0: vh264_set_params active_buf_spec_num 14 dec_dpb_size 5 collocate_buf_num 8
04-19 15:53:01.758     0     0 W [ 1715.272958@3]  v4l: delay alloc the buffer.
04-19 15:53:01.762     0     0 W [ 1715.275381@3]  v4l: delay alloc the buffer.
04-19 15:53:01.762     0     0 D [ 1715.275414@3]  0: reset
04-19 15:53:01.764   481  5249 I VDA     : [0] "----stop input VIDIOC_STREAMOFF----\n"
04-19 15:53:01.764   481  5249 I VDA     : [0] "SendPictureReady\n"
04-19 15:53:01.764   481  5249 I VDA     : [0] "post ResetDoneTask\n"
04-19 15:53:01.764   481  5249 I VDA     : [0] "ResetDoneTask\n"
04-19 15:53:01.764   481  5249 I VDA     : [0] "StartDevicePoll\n"
04-19 15:53:01.764   481  5249 I VDA     : [0] "NotifyResetDone\n"
04-19 15:53:01.764   481  5243 I AmVideoDec: [0] "notifyResetDone\n"
04-19 15:53:01.764   481  5243 V AmlogicVideoDecoderAwesome2: [25]NotifyResetDone:1938 >
04-19 15:53:01.764   481  5241 D AmlogicVideoDecoderAwesome2: [25]"reset_2"
04-19 15:53:01.764   481  5241 V AmlogicVideoDecoderAwesome2: [25]start:325 >
04-19 15:53:01.764   481  5241 E ThreadWorker: pthread on exit wait clean
04-19 15:53:01.765   481  5241 D AmlogicVideoDecoderAwesome2: [25]"mVideo start\n"
04-19 15:53:01.765   481  5241 V AmlogicVideoDecoderAwesome2: [25]flushInput:983 >
04-19 15:53:01.765   481  5241 I OmxComponent: OMX.amlogic.avc.decoder.awesome2: flush output
04-19 15:53:01.765   481  5241 V AmlogicVideoDecoderAwesome2: [25]flushOutput:986 >
04-19 15:53:01.765   481  5241 D AmlogicVideoDecoderAwesome2: [25]"__flushOutput__fillBufferDone:2 0xf47c0130\n"
04-19 15:53:01.765   481  5241 D AmlogicVideoDecoderAwesome2: [25]"__flushOutput__fillBufferDone:4 0xf47c0bb0\n"
04-19 15:53:01.765   481  5241 D AmlogicVideoDecoderAwesome2: [25]"__flushOutput__fillBufferDone:12 0xf47c0e50\n"
04-19 15:53:01.765   481  5241 V AmlogicVideoDecoderAwesome2: [25]flushOutput:1061 >
04-19 15:53:01.765   481  5241 D AmlogicVideoDecoderAwesome2: [25]"mVideo stop\n"
04-19 15:53:01.765   481  5241 V AmlogicVideoDecoderAwesome2: [25]stop:350 >
04-19 15:53:01.766   481  5263 V OMX_WorkerPeer: vendor/amlogic/common/omx/omx_framework/WorkerPeer.cpp:runWorkerStatic:155 --------------------
04-19 15:53:01.766   481  5263 V OMX_WorkerPeer: vendor/amlogic/common/omx/omx_framework/WorkerPeer.cpp:runWorker:161 --------------------
04-19 15:53:01.766   481  5241 I OmxComponent: OMX-32 STATE_TRANS: OMX_StateExecuting => OMX_StateIdle : OMX.amlogic.avc.decoder.awesome2
04-19 15:53:01.766   481  5241 I OmxComponent: STATE_DONE:  OMX_StateExecuting => OMX_StateIdle : OMX.amlogic.avc.decoder.awesome2
--------- beginning of system
04-19 15:53:01.773   576  2302 D ConnectivityService: ConnectivityService NetworkRequestInfo binderDied(NetworkRequest [ LISTEN id=54, [ Capabilities: INTERNET&NOT_RESTRICTED&TRUSTED&NOT_VPN&FOREGROUND Uid: 10091 AdministratorUids: [] RequestorUid: 10091 RequestorPackageName: com.imax.player.debug] ], android.os.BinderProxy@a177436)
04-19 15:53:01.774   576  1354 I WindowManager: WIN DEATH: Window{12298db u0 com.imax.player.debug/com.imax.player.MainActivity}
04-19 15:53:01.774   576  1354 I chatty  : uid=1000(system) Binder:576_F expire 1 line
04-19 15:53:01.774   576  2290 I ActivityManager: Process com.imax.player.debug (pid 4935) has died: prcp TOP 
04-19 15:53:01.779   347   347 I android.hardware.power-service.libperfmgr: Power setBoost: INTERACTION duration: 0
04-19 15:53:01.779   347   347 I libperfmgr: Do Powerhint: INTERACTION
04-19 15:53:01.779   576  1354 D PowerManagerService: updateSuspendBlockerLocked mWakefulness=1,needWakeLockSuspendBlocker=true
04-19 15:53:01.780   576  4535 I chatty  : uid=1000(system) Binder:576_1F expire 1 line
04-19 15:53:01.782   477  5011 E mediaserver: unlinkToDeath: removed reference to death recipient but unlink failed.
04-19 15:53:01.782   477  5011 E IPCThreadState: attemptIncStrongHandle(5): Not supported
04-19 15:53:01.783   576  2284 D PowerManagerService: updateSuspendBlockerLocked mWakefulness=1,needWakeLockSuspendBlocker=true
04-19 15:53:01.786   300   300 I Zygote  : Process 4935 exited due to signal 9 (Killed)
04-19 15:53:01.801   576   644 V LightsService: setLight #2: color=#ff000000: brightnessMode=0
04-19 15:53:01.801   364   364 E lights  : setLightState for BUTTONS
04-19 15:53:01.801   364   364 E lights  : writeLed test:/sys/class/leds/sys_led/brightness,color:0
04-19 15:53:01.810   326   387 D SystemControl: [CPQControl]:onVframeSizeChange: event value = 8(0x8)!
04-19 15:53:01.810   326   387 D SystemControl: [CPQControl]:onVframeSizeChange: not hdrInfo event.!
04-19 15:53:01.818   576   604 I chatty  : uid=1000(system) ActivityManager expire 1 line
04-19 15:53:01.826     0     0 I [ 1715.310810@1]  vc: [0]vc: set enable index=0, val=0
04-19 15:53:01.827     0     0 I [ 1715.310843@1]  VID: store VD0 path_id changed 2->-1
04-19 15:53:01.827     0     0 I         : [ 1715.310848@1]  dev->index =0, val=1
04-19 15:53:01.827     0     0 I [ 1715.310852@1]  VID: VD1 off
04-19 15:53:01.827     0     0 I [ 1715.310858@1]  VID: VD1 set global output as 0
04-19 15:53:01.827     0     0 I         : [ 1715.310877@1]  common_vf_unreg_provider video_render.0: vd1 used: true, vd2 used: false, vd3 used: false, black_out:0, cur_buf:000000008a16e809
04-19 15:53:01.845   481  5241 I OmxComponent: OMX_CommandStateSet 850 Cmd 0 nParam1 0x1
04-19 15:53:01.845   481  5241 I OmxComponent: OMX-32 STATE_SET:   OMX_StateIdle => OMX_StateLoaded : OMX.amlogic.avc.decoder.awesome2
04-19 15:53:01.845   481  5241 V AmlogicVideoDecoderAwesome2: [25]releaseResources:425 >
04-19 15:53:01.845   481  5241 V AmlogicVideoDecoderAwesome2: [25]tearDown:769 >
04-19 15:53:01.845   481  5241 V AmlogicVideoDecoderAwesome2: [25]tearDown:1471 >
04-19 15:53:01.845   481  5241 V AmlogicVideoDecoderAwesome2: [25]initializeState_l:1519 >
04-19 15:53:01.845   481  5241 D VideoDecWraper: destroy
04-19 15:53:01.845   481  5243 I VDA     : [0] "Destroy"
04-19 15:53:01.845   481  5249 I VDA     : [0] "DestroyTask(): IN[0,0], OUT[0,0,0] DEC[0->0] => DEVICE[3+0/3->0+0/14] => RR CLIENT[13]\n"
04-19 15:53:01.845   481  5249 I VDA     : [0] "StopDevicePoll\n"
04-19 15:53:01.846   481  5249 I VDA     : [0] "StopInputStream input_streamon 0, input_buffer_map_.size 3\n"
04-19 15:53:01.846   481  5249 I VDA     : [0] "DestroyInputBuffers\n"
04-19 15:53:01.849  2439  2439 I Finsky  : [2] Memory trim requested to level 80
04-19 15:53:01.850  2724  2724 I Finsky:background: [2] Memory trim requested to level 80
04-19 15:53:01.856  2439  2439 I Finsky  : [2] Flushing in-memory image cache
04-19 15:53:01.870     0     0 I [ 1715.383244@0]  [13]: release decoder ffffff8043ba8000
04-19 15:53:01.870     0     0 I [ 1715.383459@1]  [13]: reset mode: 1, es frames buffering: 0
04-19 15:53:01.870     0     0 D         : [ 1715.383469@1]  vdec_v4l2_reset 1
04-19 15:53:01.870     0     0 W         : [ 1715.383495@1]  vmh264 reset
04-19 15:53:01.870     0     0 D [ 1715.383510@1]  0: h264_reset_bufmgr_v4l frame count 1 to skip 0
04-19 15:53:01.870     0     0 D         : [ 1715.383510@1]
04-19 15:53:01.870     0     0 W         : [ 1715.383538@1]  H264 sysinfo: 1920x1088 duration=3200, pts_outside=1
04-19 15:53:01.870     0     0 D         : [ 1715.383542@1]  sync_outside=1, use_idr_framerate=0, is_used_v4l: 1
04-19 15:53:01.870     0     0 D [ 1715.383551@1]  0: level_idc = 40 pic_size = 3133440 size = 4
04-19 15:53:01.870     0     0 D [ 1715.383559@1]  0: AV_SCRATCH_1 = 841fe078, AV_SCRATCH_2 = 1a063, AV_SCRATCH_B: = 428
04-19 15:53:01.870     0     0 D [ 1715.383595@1]  0: chroma_format_idc = 1 frame_mbs_only_flag 1, crop_bottom 8,  frame_height 1080,
04-19 15:53:01.870     0     0 D [ 1715.383601@1]  0: mb_height 68,crop_right 0, frame_width 1920, mb_width 120
04-19 15:53:01.870     0     0 D [ 1715.383609@1]  0: mb height/widht/total: 44/78/1fe0 level_idc 28 max_ref_num 4
04-19 15:53:01.870     0     0 D [ 1715.383618@1]  0: vh264_set_params active_buf_spec_num 14 dec_dpb_size 5 collocate_buf_num 8
04-19 15:53:01.870     0     0 W [ 1715.383624@1]  v4l: delay alloc the buffer.
04-19 15:53:01.870     0     0 W [ 1715.386061@1]  v4l: delay alloc the buffer.
04-19 15:53:01.870     0     0 D [ 1715.386091@1]  0: reset
04-19 15:53:01.874   576   596 W ActivityManager: setHasOverlayUi called on unknown pid: 4935
04-19 15:53:01.878  1294  1294 I katniss_interactor_TvSearchApp: onTrimMemory level=5
04-19 15:53:01.883     0     0 I [ 1715.394113@1]  vframe_rate_uevent: sent uevent FRAME_RATE_HINT=0
04-19 15:53:01.883     0     0 D         : [ 1715.394641@1]  vdec_disable_DMC input->target= 0x0
04-19 15:53:01.883     0     0 D [ 1715.394757@1]  0: vh264_stop
04-19 15:53:01.883     0     0 D         : [ 1715.395637@1]  vdec_release instance 00000000667417d3, total 1
04-19 15:53:01.883     0     0 D         : [ 1715.395817@1]  the clk_vdec_mux    clock off, ref cnt: 0
04-19 15:53:01.883     0     0 D         : [ 1715.395847@1]  the pwrc-vdec       power off
04-19 15:53:01.883     0     0 D         : [ 1715.395857@1]  the vdec            clock off, ref cnt: 0
04-19 15:53:01.883     0     0 I [ 1715.398603@1]  dim: di_destroy_instance:
04-19 15:53:01.890     0     0 I [ 1715.404765@3]  dpre_can_exit: ch[2]:curr[2]:stat[IDLE] ret[1]
04-19 15:53:01.890     0     0 I [ 1715.404799@3]  dpst_can_exit: ch[2]:curr[2]:stat[IDLE] ret[1]
04-19 15:53:01.902     0     0 I [ 1715.414517@3]  di_unreg_variable:  
04-19 15:53:01.902     0     0 I [ 1715.414539@3]  dim: qpat_in_ready_msk:0x0
04-19 15:53:01.902     0     0 I [ 1715.414544@3]  dim: mem_release:blk_mst[0x0]
04-19 15:53:01.902     0     0 I [ 1715.414548@3]  dim: mem_release:pat_mst[0x0]
04-19 15:53:01.902     0     0 I [ 1715.414559@3]  dim: qiat_all_back2_ready:len[0]
04-19 15:53:01.902     0     0 I [ 1715.414564@3]  dim: bufq_ndis_unreg:0
04-19 15:53:01.902     0     0 I [ 1715.414570@3]  dim: sct_sw_off:no box
04-19 15:53:01.910     0     0 I [ 1715.424663@3]  vpu: vpu: vpu_dev_clk_gate_off: unsupport vpu mod: 72
04-19 15:53:01.910     0     0 I [ 1715.426069@3]  dim: unreg:use[28]ms
04-19 15:53:01.910     0     0 I [ 1715.426082@3]  dim: di_destroy_instance:ch[2]:end
04-19 15:53:01.910     0     0 I [ 1715.426100@3]  [13]: vpp destory inst count:0.
04-19 15:53:01.910     0     0 I [ 1715.426119@3]  [13]: v4ldec has been destroyed.
04-19 15:53:01.910   481  5241 D VideoDecWraper: ~VideoDecWraper
04-19 15:53:01.910   481  5241 I AmVideoDec: [0] "~AmVideoDec IN[246:246] OUT[228:225]\n"
04-19 15:53:01.910   481  5241 D OmxResManage: Release fd = 11
04-19 15:53:01.910   481  5241 D resman  : release all, fd:11
04-19 15:53:01.910   481  5241 I OmxComponent: OMX-32 STATE_TRANS: OMX_StateIdle => OMX_StateLoaded : OMX.amlogic.avc.decoder.awesome2
04-19 15:53:01.910   481  5241 I OmxComponent: STATE_DONE:  OMX_StateIdle => OMX_StateLoaded : OMX.amlogic.avc.decoder.awesome2
04-19 15:53:01.912  1200  1200 I TVLatinApp: TVLatinApp.onTrimMemory():538 onTrimMemory(): 5
04-19 15:53:01.913  1200  1200 I KeyboardDefCache: MemoryFileCache$1.onTrimMemory():124 clearMemory() for trim memory: 5
04-19 15:53:01.915  1200  1200 I KeyboardDefCache: MemoryFileCache.clearMemory():408 evictAll()
04-19 15:53:01.915  1200  1200 I GoogleInputMethodService: GoogleInputMethodService.onTrimMemory():2784 onTrimMemory(): 5
04-19 15:53:01.925  1455  1455 E Clearcut-EventLogger: Unexpected log parameter notification_indicator_total
04-19 15:53:01.928  1345  1369 D lutts   : query widget
04-19 15:53:01.934  1455  1455 W A2F     : App Foreground
04-19 15:53:01.934  1455  1455 W A2F     : Data Refresh start
04-19 15:53:01.934  1455  1659 W A2F     : Attempting CleanUp
04-19 15:53:01.939   342   342 D memtrack_aml: sysfs path
04-19 15:53:01.944   342   342 I chatty  : uid=1000(system) memtrack@1.0-se identical 61 lines
04-19 15:53:01.946     0     0 I         : [ 1715.456036@3]  show_ctx_mem_pool_size
04-19 15:53:01.946     0     0 I         : [ 1715.459523@1]  show_ctx_mem_pool_size
04-19 15:53:01.946   342   342 D memtrack_aml: sysfs path
04-19 15:53:01.952  1455  1455 W P2F     : Visible APPS_TAB
04-19 15:53:01.954     0     0 I         : [ 1715.461331@1]  show_ctx_mem_pool_size
04-19 15:53:01.954   342   342 D memtrack_aml: sysfs path
04-19 15:53:01.957   342   342 D memtrack_aml: sysfs path
04-19 15:53:01.957   342   342 D memtrack_aml: get task_name servicemanager
04-19 15:53:01.958     0     0 I         : [ 1715.463472@1]  show_ctx_mem_pool_size
04-19 15:53:01.958     0     0 I         : [ 1715.471695@3]  show_ctx_mem_pool_size
04-19 15:53:01.959   481  5021 D OmxComponentManagerImpl: DecreaseEntryNumByName pEntry->mNum=1, pEntry->mMaxNum:9,componentName:OMX.amlogic.avc.decoder.awesome2
04-19 15:53:01.959   481  5021 I omx_core: OMX_freeHandle_num_= 0
04-19 15:53:01.960   481  5021 D OmxVideoDecoder: ~OmxVideoDecoder===pSidebandWindow:0x0
04-19 15:53:01.960   481  5021 D OmxComponent: ~OmxComponent 281 : OMX.amlogic.avc.decoder.awesome2
04-19 15:53:01.960   481  5021 I AmlogicVideoDecoderAwesome2: [25]"~AmlogicVideoDecoderAwesome2"
04-19 15:53:01.960   481  5021 D AmlogicVideoDecoderAwesome2: [25]"~AmlogicVideoDecoder2"
04-19 15:53:01.960   481  5021 D AmlogicVideoDecoderAwesome2: [25]"~AmlogicVideoDecoder2, mOmxInstancenum 0"
04-19 15:53:01.960   481  5021 D OmxResManage: ~ResManWrapper fd = 11
04-19 15:53:01.961   342   342 D memtrack_aml: sysfs path
04-19 15:53:01.962   481  5021 D resman  : release all resource, fd = 11
04-19 15:53:01.962     0     0 I         : [ 1715.474431@3]  show_ctx_mem_pool_size
04-19 15:53:01.962     0     0 E         : [ 1715.476912@3]  disalbe fastplay
04-19 15:53:01.963   342   342 D memtrack_aml: get task_name hwservicemanage
04-19 15:53:01.967   342   342 D memtrack_aml: sysfs path
04-19 15:53:01.972   342   342 D memtrack_aml: sysfs path
04-19 15:53:01.974     0     0 I         : [ 1715.479592@1]  show_ctx_mem_pool_size
04-19 15:53:01.974     0     0 I         : [ 1715.487477@0]  show_ctx_mem_pool_size
04-19 15:53:01.978     0     0 I         : [ 1715.489515@0]  show_ctx_mem_pool_size
04-19 15:53:01.982     0     0 I         : [ 1715.492226@0]  show_ctx_mem_pool_size
04-19 15:53:01.982     0     0 I         : [ 1715.495531@2]  show_ctx_mem_pool_size
04-19 15:53:01.983   342   342 D memtrack_aml: sysfs path
04-19 15:53:01.983   342   342 D memtrack_aml: get task_name atrace@1.0-serv
04-19 15:53:01.986   342   342 D memtrack_aml: sysfs path
04-19 15:53:01.989   342   342 D memtrack_aml: sysfs path
04-19 15:53:01.990   342   342 D memtrack_aml: get task_name keymaster@4.1-s
04-19 15:53:01.990     0     0 I         : [ 1715.498042@0]  show_ctx_mem_pool_size
04-19 15:53:01.990     0     0 I         : [ 1715.500526@3]  show_ctx_mem_pool_size
04-19 15:53:01.990     0     0 I         : [ 1715.503419@3]  show_ctx_mem_pool_size
04-19 15:53:01.992   342   342 D memtrack_aml: sysfs path
04-19 15:53:01.994     0     0 I         : [ 1715.506955@0]  show_ctx_mem_pool_size
04-19 15:53:01.998     0     0 I         : [ 1715.509819@0]  show_ctx_mem_pool_size
04-19 15:53:02.000   342   342 D memtrack_aml: sysfs path
04-19 15:53:02.001   576   644 V LightsService: setLight #2: color=#ffffffff: brightnessMode=0
04-19 15:53:02.001   364   364 E lights  : setLightState for BUTTONS
04-19 15:53:02.001   364   364 E lights  : writeLed test:/sys/class/leds/sys_led/brightness,color:255
04-19 15:53:02.002     0     0 I         : [ 1715.511884@3]  show_ctx_mem_pool_size
04-19 15:53:02.005   342   342 D memtrack_aml: sysfs path
04-19 15:53:02.006     0     0 I         : [ 1715.516720@1]  show_ctx_mem_pool_size
04-19 15:53:02.009   576  1333 D PowerManagerService: updateSuspendBlockerLocked mWakefulness=1,needWakeLockSuspendBlocker=true
04-19 15:53:02.017   342   342 D memtrack_aml: sysfs path
04-19 15:53:02.018     0     0 I         : [ 1715.522056@0]  show_ctx_mem_pool_size
04-19 15:53:02.018     0     0 I         : [ 1715.530524@1]  show_ctx_mem_pool_size
04-19 15:53:02.022     0     0 I         : [ 1715.532718@1]  show_ctx_mem_pool_size
04-19 15:53:02.022   576   596 W ActivityTaskManager: Activity top resumed state loss timeout for ActivityRecord{da63f0b u0 com.imax.player.debug/com.imax.player.MainActivity t-1 f}}
04-19 15:53:02.023   342   342 D memtrack_aml: sysfs path
04-19 15:53:02.023   342   342 D memtrack_aml: get task_name allocator@1.0-s
04-19 15:53:02.023   342   342 I memtrack_aml: open /sys/class/misc/mali0/device/mem_pool_size success!
04-19 15:53:02.025   342   342 D memtrack_aml: sysfs path
04-19 15:53:02.026     0     0 I         : [ 1715.537652@1]  show_ctx_mem_pool_size
04-19 15:53:02.026     0     0 I         : [ 1715.540140@0]  show_ctx_mem_pool_size
04-19 15:53:02.030     0     0 I         : [ 1715.541760@3]  show_ctx_mem_pool_size
04-19 15:53:02.034     0     0 I         : [ 1715.544657@3]  show_ctx_mem_pool_size
04-19 15:53:02.036   342   342 D memtrack_aml: sysfs path
04-19 15:53:02.037   367   497 W APM::AudioPolicyEngine: getDevicesForStrategy() unknown strategy: -1
04-19 15:53:02.037   367   497 W APM::AudioPolicyEngine: getDevicesForStrategy() unknown strategy: -1
04-19 15:53:02.038     0     0 I         : [ 1715.548166@3]  show_ctx_mem_pool_size
04-19 15:53:02.038     0     0 I         : [ 1715.551519@1]  show_ctx_mem_pool_size
04-19 15:53:02.038   342   342 D memtrack_aml: sysfs path
04-19 15:53:02.042     0     0 I         : [ 1715.553595@3]  show_ctx_mem_pool_size
04-19 15:53:02.042   576  1333 I chatty  : uid=1000(system) Binder:576_B expire 3 lines
04-19 15:53:02.043   342   342 D memtrack_aml: sysfs path
04-19 15:53:02.046     0     0 I         : [ 1715.555499@3]  show_ctx_mem_pool_size
04-19 15:53:02.046     0     0 I         : [ 1715.559743@0]  show_ctx_mem_pool_size
04-19 15:53:02.046   342   342 D memtrack_aml: sysfs path
04-19 15:53:02.047   342   342 D memtrack_aml: get task_name gatekeeper@1.0-
04-19 15:53:02.048   342   342 D memtrack_aml: sysfs path
04-19 15:53:02.050     0     0 I         : [ 1715.561695@1]  show_ctx_mem_pool_size
04-19 15:53:02.050     0     0 I         : [ 1715.563660@1]  show_ctx_mem_pool_size
04-19 15:53:02.054     0     0 I         : [ 1715.565060@2]  show_ctx_mem_pool_size
04-19 15:53:02.054     0     0 I         : [ 1715.568467@2]  show_ctx_mem_pool_size
04-19 15:53:02.058   342   342 D memtrack_aml: sysfs path
04-19 15:53:02.058   342   342 D memtrack_aml: get task_name ir@1.0-service
04-19 15:53:02.062   342   342 D memtrack_aml: sysfs path
04-19 15:53:02.062     0     0 I         : [ 1715.570670@2]  show_ctx_mem_pool_size
04-19 15:53:02.062   342   342 D memtrack_aml: get task_name memtrack@1.0-se
04-19 15:53:02.063  1200  1200 I GoogleInputMethodService: GoogleInputMethodService.onFinishInput():2084 
04-19 15:53:02.063  1200  1200 I Module  : DeviceLockedStatusModuleProvider$Module.updateDeviceLockedStatus():101 repeatCheckTimes = 0, locked = false
04-19 15:53:02.064   347   347 I android.hardware.power-service.libperfmgr: Power setBoost: INTERACTION duration: 0
04-19 15:53:02.064   347   347 I libperfmgr: Do Powerhint: INTERACTION
04-19 15:53:02.064   576   643 D PowerManagerService: updateSuspendBlockerLocked mWakefulness=1,needWakeLockSuspendBlocker=true
04-19 15:53:02.064  1200  1200 I GoogleInputMethodService: GoogleInputMethodService.onStartInput():1345 onStartInput(EditorInfo{EditorInfo{packageName=com.google.android.tvlauncher, inputType=0, inputTypeString=NULL, enableLearning=false, autoCorrection=false, autoComplete=false, imeOptions=0, privateImeOptions=null, actionName=UNSPECIFIED, actionLabel=null, initialSelStart=-1, initialSelEnd=-1, initialCapsMode=0, label=null, fieldId=2131428768, fieldName=null, extras=null, hintText=null, hintLocales=[]}}, false)
04-19 15:53:02.064   347   347 I android.hardware.power-service.libperfmgr: Power setBoost: INTERACTION duration: 0
04-19 15:53:02.064   347   347 I libperfmgr: Do Powerhint: INTERACTION
04-19 15:53:02.065  1200  1200 I Module  : DeviceLockedStatusModuleProvider$Module.updateDeviceLockedStatus():101 repeatCheckTimes = 1, locked = false
04-19 15:53:02.066     0     0 I         : [ 1715.575276@3]  show_ctx_mem_pool_size
04-19 15:53:02.066   347   347 I android.hardware.power-service.libperfmgr: Power setBoost: INTERACTION duration: 0
04-19 15:53:02.066   347   347 I libperfmgr: Do Powerhint: INTERACTION
04-19 15:53:02.066   342   342 D memtrack_aml: sysfs path
04-19 15:53:02.067   347   347 I android.hardware.power-service.libperfmgr: Power setBoost: INTERACTION duration: 0
04-19 15:53:02.067   347   347 I libperfmgr: Do Powerhint: INTERACTION
04-19 15:53:02.067   576   643 D PowerManagerService: updateSuspendBlockerLocked mWakefulness=1,needWakeLockSuspendBlocker=true
04-19 15:53:02.069   342   342 D memtrack_aml: get task_name oemlock@1.0-ser
04-19 15:53:02.070     0     0 I         : [ 1715.579011@2]  show_ctx_mem_pool_size
04-19 15:53:02.071   342   342 D memtrack_aml: sysfs path
04-19 15:53:02.074     0     0 I         : [ 1715.585616@2]  show_ctx_mem_pool_size
04-19 15:53:02.075   342   342 D memtrack_aml: sysfs path
04-19 15:53:02.076   342   342 D memtrack_aml: get task_name thermal@2.0-ser
04-19 15:53:02.077  1200  1200 I GoogleInputMethodService: GoogleInputMethodService.onFinishInput():2084 
04-19 15:53:02.077  1200  1200 I Module  : DeviceLockedStatusModuleProvider$Module.updateDeviceLockedStatus():101 repeatCheckTimes = 0, locked = false
04-19 15:53:02.078     0     0 I         : [ 1715.588188@2]  show_ctx_mem_pool_size
04-19 15:53:02.078   342   342 D memtrack_aml: sysfs path
04-19 15:53:02.078  1200  1200 I GoogleInputMethodService: GoogleInputMethodService.onStartInput():1345 onStartInput(EditorInfo{EditorInfo{packageName=com.google.android.tvlauncher, inputType=0, inputTypeString=NULL, enableLearning=false, autoCorrection=false, autoComplete=false, imeOptions=0, privateImeOptions=null, actionName=UNSPECIFIED, actionLabel=null, initialSelStart=-1, initialSelEnd=-1, initialCapsMode=0, label=null, fieldId=2131428768, fieldName=null, extras=null, hintText=null, hintLocales=[]}}, false)
04-19 15:53:02.078   342   342 D memtrack_aml: get task_name cec@1.0-service
04-19 15:53:02.079  1200  1200 I Module  : DeviceLockedStatusModuleProvider$Module.updateDeviceLockedStatus():101 repeatCheckTimes = 1, locked = false
04-19 15:53:02.080   342   342 D memtrack_aml: sysfs path
04-19 15:53:02.082     0     0 I         : [ 1715.592891@3]  show_ctx_mem_pool_size
04-19 15:53:02.082     0     0 I         : [ 1715.595342@3]  show_ctx_mem_pool_size
04-19 15:53:02.082   342   342 D memtrack_aml: sysfs path
04-19 15:53:02.082   342   342 D memtrack_aml: get task_name usb@1.0-service
04-19 15:53:02.083   342   342 D memtrack_aml: sysfs path
04-19 15:53:02.086     0     0 I         : [ 1715.597099@2]  show_ctx_mem_pool_size
04-19 15:53:02.086     0     0 I         : [ 1715.599150@3]  show_ctx_mem_pool_size
04-19 15:53:02.086     0     0 I         : [ 1715.600582@3]  show_ctx_mem_pool_size
04-19 15:53:02.087   342   342 D memtrack_aml: sysfs path
04-19 15:53:02.088   342   342 D memtrack_aml: get task_name lights
04-19 15:53:02.089  1200  1200 I GoogleInputMethodService: GoogleInputMethodService.onFinishInput():2084 
04-19 15:53:02.090     0     0 I         : [ 1715.602598@3]  show_ctx_mem_pool_size
04-19 15:53:02.090   342   342 D memtrack_aml: sysfs path
04-19 15:53:02.092  1200  1200 I Module  : DeviceLockedStatusModuleProvider$Module.updateDeviceLockedStatus():101 repeatCheckTimes = 0, locked = false
04-19 15:53:02.094     0     0 I         : [ 1715.604804@3]  show_ctx_mem_pool_size
04-19 15:53:02.096  1200  1200 I GoogleInputMethodService: GoogleInputMethodService.onStartInput():1345 onStartInput(EditorInfo{EditorInfo{packageName=com.google.android.tvlauncher, inputType=0, inputTypeString=NULL, enableLearning=false, autoCorrection=false, autoComplete=false, imeOptions=0, privateImeOptions=null, actionName=UNSPECIFIED, actionLabel=null, initialSelStart=-1, initialSelEnd=-1, initialCapsMode=0, label=null, fieldId=2131428768, fieldName=null, extras=null, hintText=null, hintLocales=[]}}, false)
04-19 15:53:02.097   342   342 D memtrack_aml: sysfs path
04-19 15:53:02.098     0     0 I         : [ 1715.607334@3]  show_ctx_mem_pool_size
04-19 15:53:02.098  1200  1200 I Module  : DeviceLockedStatusModuleProvider$Module.updateDeviceLockedStatus():101 repeatCheckTimes = 1, locked = false
04-19 15:53:02.101   342   342 D memtrack_aml: sysfs path
04-19 15:53:02.104     0     0 I         : [ 1715.614245@3]  show_ctx_mem_pool_size
04-19 15:53:02.107   342   342 D memtrack_aml: sysfs path
04-19 15:53:02.110     0     0 I         : [ 1715.617991@0]  show_ctx_mem_pool_size
04-19 15:53:02.110     0     0 I         : [ 1715.624319@2]  show_ctx_mem_pool_size
04-19 15:53:02.114     0     0 I         : [ 1715.626357@3]  show_ctx_mem_pool_size
04-19 15:53:02.118     0     0 I         : [ 1715.628200@0]  show_ctx_mem_pool_size
04-19 15:53:02.118     0     0 I         : [ 1715.630844@2]  show_ctx_mem_pool_size
04-19 15:53:02.118     0     0 I         : [ 1715.632742@0]  show_ctx_mem_pool_size
04-19 15:53:02.122     0     0 I         : [ 1715.634297@0]  show_ctx_mem_pool_size
04-19 15:53:02.126     0     0 I         : [ 1715.636630@3]  show_ctx_mem_pool_size
04-19 15:53:02.126     0     0 I         : [ 1715.638802@3]  show_ctx_mem_pool_size
04-19 15:53:02.126     0     0 I         : [ 1715.640349@3]  show_ctx_mem_pool_size
04-19 15:53:02.130     0     0 I         : [ 1715.642539@1]  show_ctx_mem_pool_size
04-19 15:53:02.134     0     0 I         : [ 1715.644765@1]  show_ctx_mem_pool_size
04-19 15:53:02.134     0     0 I         : [ 1715.647269@3]  show_ctx_mem_pool_size
04-19 15:53:02.138     0     0 I         : [ 1715.649022@1]  show_ctx_mem_pool_size
04-19 15:53:02.138     0     0 I         : [ 1715.651603@0]  show_ctx_mem_pool_size
04-19 15:53:02.142     0     0 I         : [ 1715.653369@0]  show_ctx_mem_pool_size
04-19 15:53:02.146     0     0 I         : [ 1715.656875@1]  show_ctx_mem_pool_size
04-19 15:53:02.150     0     0 I         : [ 1715.661895@2]  show_ctx_mem_pool_size
04-19 15:53:02.154     0     0 I         : [ 1715.664560@3]  show_ctx_mem_pool_size
04-19 15:53:02.154     0     0 I         : [ 1715.666975@3]  show_ctx_mem_pool_size
04-19 15:53:02.165     0     0 I         : [ 1715.670319@1]  show_ctx_mem_pool_size
04-19 15:53:02.165     0     0 I         : [ 1715.674672@3]  show_ctx_mem_pool_size
04-19 15:53:02.174     0     0 I         : [ 1715.679931@3]  show_ctx_mem_pool_size
04-19 15:53:02.177   342   342 D memtrack_aml: sysfs path
04-19 15:53:02.178     0     0 I         : [ 1715.686923@1]  show_ctx_mem_pool_size
04-19 15:53:02.181   342   342 D memtrack_aml: sysfs path
04-19 15:53:02.186     0     0 I         : [ 1715.693955@1]  show_ctx_mem_pool_size
04-19 15:53:02.189   328   554 I audio_hw_primary: alsa format =0x1 delay frames =1536 total frames=81664000
04-19 15:53:02.191   342   342 D memtrack_aml: sysfs path
04-19 15:53:02.194     0     0 I         : [ 1715.698571@1]  show_ctx_mem_pool_size
04-19 15:53:02.210     0     0 I         : [ 1715.708124@0]  show_ctx_mem_pool_size
04-19 15:53:02.218     0     0 I         : [ 1715.723443@0]  show_ctx_mem_pool_size
04-19 15:53:02.226     0     0 I         : [ 1715.730828@3]  show_ctx_mem_pool_size
04-19 15:53:02.234     0     0 I         : [ 1715.740713@2]  show_ctx_mem_pool_size
04-19 15:53:02.242     0     0 I         : [ 1715.748376@2]  show_ctx_mem_pool_size
04-19 15:53:02.250     0     0 I         : [ 1715.756552@2]  show_ctx_mem_pool_size
04-19 15:53:02.258     0     0 I         : [ 1715.764469@3]  show_ctx_mem_pool_size
04-19 15:53:02.266     0     0 I         : [ 1715.772709@0]  show_ctx_mem_pool_size
04-19 15:53:02.274   342   342 D memtrack_aml: sysfs path
04-19 15:53:02.277  1200  1200 I GoogleInputMethodService: GoogleInputMethodService.onFinishInput():2084 
04-19 15:53:02.278     0     0 I         : [ 1715.781509@1]  show_ctx_mem_pool_size
04-19 15:53:02.278  1200  1200 I Module  : DeviceLockedStatusModuleProvider$Module.updateDeviceLockedStatus():101 repeatCheckTimes = 0, locked = false
04-19 15:53:02.279  1200  1200 I GoogleInputMethodService: GoogleInputMethodService.onStartInput():1345 onStartInput(EditorInfo{EditorInfo{packageName=com.google.android.tvlauncher, inputType=0, inputTypeString=NULL, enableLearning=false, autoCorrection=false, autoComplete=false, imeOptions=0, privateImeOptions=null, actionName=UNSPECIFIED, actionLabel=null, initialSelStart=-1, initialSelEnd=-1, initialCapsMode=0, label=null, fieldId=2131428768, fieldName=null, extras=null, hintText=null, hintLocales=[]}}, false)
04-19 15:53:02.280  1200  1200 I Module  : DeviceLockedStatusModuleProvider$Module.updateDeviceLockedStatus():101 repeatCheckTimes = 1, locked = false
04-19 15:53:02.283   342   342 D memtrack_aml: sysfs path
04-19 15:53:02.284     0     0 I         : [ 1715.791116@1]  show_ctx_mem_pool_size
04-19 15:53:02.294     0     0 I         : [ 1715.800505@1]  show_ctx_mem_pool_size
04-19 15:53:02.302     0     0 I         : [ 1715.809170@3]  show_ctx_mem_pool_size
04-19 15:53:02.310     0     0 I         : [ 1715.817244@3]  show_ctx_mem_pool_size
04-19 15:53:02.318     0     0 I         : [ 1715.825100@1]  show_ctx_mem_pool_size
04-19 15:53:02.326     0     0 I         : [ 1715.831568@0]  show_ctx_mem_pool_size
04-19 15:53:02.338     0     0 I         : [ 1715.839524@1]  show_ctx_mem_pool_size
04-19 15:53:02.346     0     0 I         : [ 1715.851125@3]  show_ctx_mem_pool_size
04-19 15:53:02.354     0     0 I         : [ 1715.859564@3]  show_ctx_mem_pool_size
04-19 15:53:02.362     0     0 I         : [ 1715.867989@2]  show_ctx_mem_pool_size
04-19 15:53:02.374     0     0 I         : [ 1715.876040@2]  show_ctx_mem_pool_size
04-19 15:53:02.386     0     0 I         : [ 1715.889937@3]  show_ctx_mem_pool_size
04-19 15:53:02.398     0     0 I         : [ 1715.902012@2]  show_ctx_mem_pool_size
04-19 15:53:02.414     0     0 I         : [ 1715.913978@2]  show_ctx_mem_pool_size
04-19 15:53:02.430     0     0 I         : [ 1715.929941@0]  show_ctx_mem_pool_size
04-19 15:53:02.438     0     0 I         : [ 1715.942591@2]  show_ctx_mem_pool_size
04-19 15:53:02.450     0     0 I         : [ 1715.953932@1]  show_ctx_mem_pool_size
04-19 15:53:02.457   342   342 D memtrack_aml: sysfs path
04-19 15:53:02.462     0     0 I         : [ 1715.964418@2]  show_ctx_mem_pool_size
04-19 15:53:02.475   576   601 D UsageStatsService_HaoR: MITV MOVE_TO_FOREGROUND
04-19 15:53:02.476  1319  1346 I iaomi.tvservic: oneway function results will be dropped but finished with status OK and parcel size 4
04-19 15:53:02.477  1319  1518 W ContextImpl: Calling a method in the system process without a qualified user: android.app.ContextImpl.sendBroadcast:1126 android.content.ContextWrapper.sendBroadcast:473 mitv.internal.PackageUsagePolicy.handleUsageEvent:50 mitv.internal.TvServiceDefaultImpl$EventHandler.handleMessage:1903 android.os.Handler.dispatchMessage:106 
04-19 15:53:02.478  1319  1518 I MitvPolicyDatabaseManager: updatePackageUsage com.imax.player.debug/com.imax.player.MainActivity (1,1,130)
04-19 15:53:02.478  1319  1319 D MiTv-TvService-Parent: current foreground packagename is com.google.android.tvlauncher mFgClassName: com.google.android.tvlauncher.MainActivity
04-19 15:53:02.483  1319  1518 E MiTv-Utils: isTvProductFromCharacters character = stb,nosdcard, isBox = true hastv = false
04-19 15:53:02.483  1319  1319 D MiTv-Service-TvService: sendFloatingFrameBroadcast action is :  2  retailMode is : -1
04-19 15:53:03.314   576   644 V LightsService: setLight #2: color=#ff000000: brightnessMode=0
04-19 15:53:03.314   364   364 E lights  : setLightState for BUTTONS
04-19 15:53:03.314   364   364 E lights  : writeLed test:/sys/class/leds/sys_led/brightness,color:0
04-19 15:53:03.316   347   347 I android.hardware.power-service.libperfmgr: Power setBoost: INTERACTION duration: 0
04-19 15:53:03.316   347   347 I libperfmgr: Do Powerhint: INTERACTION
04-19 15:53:03.316   347   347 I android.hardware.power-service.libperfmgr: Power setBoost: INTERACTION duration: 0
04-19 15:53:03.316   347   347 I libperfmgr: Do Powerhint: INTERACTION
04-19 15:53:03.316   576   643 D PowerManagerService: updateSuspendBlockerLocked mWakefulness=1,needWakeLockSuspendBlocker=true
04-19 15:53:03.316   576   643 D WindowManager: interceptKeyTi keyCode=4 down=true repeatCount=0 keyguardOn=false canceled=false
04-19 15:53:03.526   576   644 D WindowManager: interceptKeyTq keycode=4 interactive=true keyguardActive=false policyFlags=22000000
04-19 15:53:03.526   576   644 D WindowManager: set light open
04-19 15:53:03.526   576   644 V LightsService: setLight #2: color=#ffffffff: brightnessMode=0
04-19 15:53:03.526   364   364 E lights  : setLightState for BUTTONS
04-19 15:53:03.526   364   364 E lights  : writeLed test:/sys/class/leds/sys_led/brightness,color:255
04-19 15:53:03.527   347   347 I android.hardware.power-service.libperfmgr: Power setBoost: INTERACTION duration: 0
04-19 15:53:03.527   347   347 I libperfmgr: Do Powerhint: INTERACTION
04-19 15:53:03.528   576   643 D PowerManagerService: updateSuspendBlockerLocked mWakefulness=1,needWakeLockSuspendBlocker=true
04-19 15:53:03.528   347   347 I android.hardware.power-service.libperfmgr: Power setBoost: INTERACTION duration: 0
04-19 15:53:03.528   347   347 I libperfmgr: Do Powerhint: INTERACTION
04-19 15:53:03.528   576   643 D WindowManager: interceptKeyTi keyCode=4 down=false repeatCount=0 keyguardOn=false canceled=false
04-19 15:53:03.540  1200  1200 I GoogleInputMethodService: GoogleInputMethodService.onFinishInput():2084 
04-19 15:53:03.541  1200  1200 I Module  : DeviceLockedStatusModuleProvider$Module.updateDeviceLockedStatus():101 repeatCheckTimes = 0, locked = false
04-19 15:53:03.542  1200  1200 I GoogleInputMethodService: GoogleInputMethodService.onStartInput():1345 onStartInput(EditorInfo{EditorInfo{packageName=com.google.android.tvlauncher, inputType=0, inputTypeString=NULL, enableLearning=false, autoCorrection=false, autoComplete=false, imeOptions=0, privateImeOptions=null, actionName=UNSPECIFIED, actionLabel=null, initialSelStart=-1, initialSelEnd=-1, initialCapsMode=0, label=null, fieldId=2131428768, fieldName=null, extras=null, hintText=null, hintLocales=[]}}, false)
04-19 15:53:03.543  1200  1200 I Module  : DeviceLockedStatusModuleProvider$Module.updateDeviceLockedStatus():101 repeatCheckTimes = 1, locked = false
04-19 15:53:04.139   576   644 D WindowManager: interceptKeyTq keycode=4 interactive=true keyguardActive=false policyFlags=22000001
04-19 15:53:04.139   576   644 D WindowManager: set light close
04-19 15:53:04.139   576   644 V LightsService: setLight #2: color=#ff000000: brightnessMode=0
04-19 15:53:04.139   364   364 E lights  : setLightState for BUTTONS
04-19 15:53:04.139   364   364 E lights  : writeLed test:/sys/class/leds/sys_led/brightness,color:0
04-19 15:53:04.140   347   347 I android.hardware.power-service.libperfmgr: Power setBoost: INTERACTION duration: 0
04-19 15:53:04.140   347   347 I libperfmgr: Do Powerhint: INTERACTION
04-19 15:53:04.140   347   347 I android.hardware.power-service.libperfmgr: Power setBoost: INTERACTION duration: 0
04-19 15:53:04.141   347   347 I libperfmgr: Do Powerhint: INTERACTION
04-19 15:53:04.141   576   643 D PowerManagerService: updateSuspendBlockerLocked mWakefulness=1,needWakeLockSuspendBlocker=true
04-19 15:53:04.141   576   643 D WindowManager: interceptKeyTi keyCode=4 down=true repeatCount=0 keyguardOn=false canceled=false
04-19 15:53:04.351   576   644 D WindowManager: interceptKeyTq keycode=4 interactive=true keyguardActive=false policyFlags=22000000
04-19 15:53:04.351   576   644 D WindowManager: set light open
04-19 15:53:04.351   576   644 V LightsService: setLight #2: color=#ffffffff: brightnessMode=0
04-19 15:53:04.351   364   364 E lights  : setLightState for BUTTONS
04-19 15:53:04.351   364   364 E lights  : writeLed test:/sys/class/leds/sys_led/brightness,color:255
04-19 15:53:04.353   347   347 I android.hardware.power-service.libperfmgr: Power setBoost: INTERACTION duration: 0
04-19 15:53:04.353   347   347 I libperfmgr: Do Powerhint: INTERACTION
04-19 15:53:04.353   347   347 I android.hardware.power-service.libperfmgr: Power setBoost: INTERACTION duration: 0
04-19 15:53:04.353   576   643 D PowerManagerService: updateSuspendBlockerLocked mWakefulness=1,needWakeLockSuspendBlocker=true
04-19 15:53:04.353   347   347 I libperfmgr: Do Powerhint: INTERACTION
04-19 15:53:04.353   576   643 D WindowManager: interceptKeyTi keyCode=4 down=false repeatCount=0 keyguardOn=false canceled=false
04-19 15:53:04.436  1455  1455 W View    : requestLayout() improperly called by com.google.android.tvlauncher.clock.ClockView{d7cce10 V.ED..... ......ID 1714,64-1812,118 #7f0b010e app:id/clock} during layout: running second layout pass
04-19 15:53:04.467  1200  1200 I GoogleInputMethodService: GoogleInputMethodService.onFinishInput():2084 
04-19 15:53:04.469  1200  1200 I Module  : DeviceLockedStatusModuleProvider$Module.updateDeviceLockedStatus():101 repeatCheckTimes = 0, locked = false
04-19 15:53:04.469  1200  1200 I GoogleInputMethodService: GoogleInputMethodService.onStartInput():1345 onStartInput(EditorInfo{EditorInfo{packageName=com.google.android.tvlauncher, inputType=0, inputTypeString=NULL, enableLearning=false, autoCorrection=false, autoComplete=false, imeOptions=0, privateImeOptions=null, actionName=UNSPECIFIED, actionLabel=null, initialSelStart=-1, initialSelEnd=-1, initialCapsMode=0, label=null, fieldId=2131428768, fieldName=null, extras=null, hintText=null, hintLocales=[]}}, false)
04-19 15:53:04.471  1200  1200 I Module  : DeviceLockedStatusModuleProvider$Module.updateDeviceLockedStatus():101 repeatCheckTimes = 1, locked = false
04-19 15:53:04.813   576  1249 E TaskPersister: File error accessing recents directory (directory doesn't exist?).
04-19 15:53:05.192   328   557 D audio_hw_primary: out_standby_new: enter
04-19 15:53:05.192   328   557 I audio_hw_primary: [do_output_standby_l:5139] stream usecase:PCM_NORMAL , continuous:1
04-19 15:53:05.192   328   557 I audio_hw_primary: ++[usecase_change_validate_l:7421], dev masks:0x1, is_standby:1, out usecase:PCM_NORMAL
04-19 15:53:05.192   328   557 I audio_hw_primary: --[usecase_change_validate_l:7441], dev masks:0, is_standby:1, out usecase PCM_NORMAL
04-19 15:53:05.192   328   557 I libms12 : +aml_ms12_update_runtime_params()
04-19 15:53:05.192   328   557 D libms12 : +ResetConfigParams() line 1947
04-19 15:53:05.192   328   557 D libms12 : ResetConfigParams() mHasAssociateInput 0 mHasSystemInput 0
04-19 15:53:05.192   328   557 D libms12 : -ResetConfigParams() line 1961
04-19 15:53:05.192   328   557 I libms12 : setSystemFlag() System flag 1
04-19 15:53:05.192   328   557 I libms12 : setAppFlag() App flag 1
04-19 15:53:05.192   328   557 D libms12 : +UpdateDolbyMS12RuntimeConfigParams()
04-19 15:53:05.192   328   557 D libms12 : ms12 runtime cmd: -xs 1
04-19 15:53:05.193   328   557 I libms12 : argv[1] = -xs
04-19 15:53:05.193   328   557 I libms12 : argv[2] = 1
04-19 15:53:05.193   328   557 D libms12 : -UpdateDolbyMS12RuntimeConfigParams()
04-19 15:53:05.193   328   557 I libms12 : -aml_ms12_update_runtime_params() ret 0
04-19 15:53:05.193   328   557 I audio_hw_primary: set_system_app_mixing_status return 0 stream-status 0 set system-app-audio-mixing 1
04-19 15:53:05.193   328   557 I audio_hw_primary: out_standby_new exit
04-19 15:53:05.194   576  1333 D PowerManagerService: updateSuspendBlockerLocked mWakefulness=1,needWakeLockSuspendBlocker=false
04-19 15:53:05.195   576  1333 I system_server: oneway function results will be dropped but finished with status OK and parcel size 4
04-19 15:53:05.196   328   554 D libdolbyms12: begin update primay params
04-19 15:53:05.196   328   554 D libdolbyms12: after update primay params
04-19 15:53:05.197   576   655 E WifiVendorHal: getWifiLinkLayerStats_1_3_Internal(l.978) failed {.code = ERROR_UNKNOWN, .description = unknown error}
04-19 15:53:05.283   328   554 I libdolbyms12: last sys sample=256 now system=0
04-19 15:53:06.643  1123  1123 W ThreadPoolForeg: type=1400 audit(0.0:322): avc: denied { write } for name="traced_producer" dev="tmpfs" ino=14513 scontext=u:r:gmscore_app:s0:c512,c768 tcontext=u:object_r:traced_producer_socket:s0 tclass=sock_file permissive=0 app=com.google.android.gms
04-19 15:53:06.650     0     0 I         : [ 1715.974621@3]  show_ctx_mem_pool_size
04-19 15:53:06.989   482  1041 D BufferPoolAccessor2.0: evictor expired: 1, evicted: 0
04-19 15:53:07.521   328   554 I audio_hw_primary: alsa format =0x1 delay frames =1536 total frames=81920000
04-19 15:53:08.213   576   655 E WifiVendorHal: getWifiLinkLayerStats_1_3_Internal(l.978) failed {.code = ERROR_UNKNOWN, .description = unknown error}
04-19 15:53:08.895  2109  2109 I cast_shell: [0419/155308.895814:INFO:service_base.h(78)] Size of the map for type AuthTokenResponse is 0
04-19 15:53:08.989  2109  2109 I cast_shell: [0419/155308.989803:INFO:service_base.h(246)] Container sizes for type CloudSetting are (session_info_map: 0), (topic_info_map: 21), (pending_events: 0).
04-19 15:53:08.990  2109  2109 I cast_shell: [0419/155308.990165:INFO:metrics_stat_logger.cc(38)] Metrics stat for the past 60 secs : total=4
04-19 15:53:08.990  2109  2109 I cast_shell: [metrics_stat_logger] Cast.Discovery.Mdns.Query.Cast.Count=1
04-19 15:53:08.990  2109  2109 I cast_shell: [metrics_stat_logger] Cast.Platform.TrimMemory=1
04-19 15:53:08.990  2109  2109 I cast_shell: [metrics_stat_logger] Dial.SsdpDeviceDesc.Linux=1
04-19 15:53:08.990  2109  2109 I cast_shell: [metrics_stat_logger] Dial.SsdpDeviceDesc.Linux.200=1
04-19 15:53:11.238   576   655 E WifiVendorHal: getWifiLinkLayerStats_1_3_Internal(l.978) failed {.code = ERROR_UNKNOWN, .description = unknown error}
04-19 15:53:12.854   328   554 I audio_hw_primary: alsa format =0x1 delay frames =1536 total frames=82176000
04-19 15:53:14.263   576   655 E WifiVendorHal: getWifiLinkLayerStats_1_3_Internal(l.978) failed {.code = ERROR_UNKNOWN, .description = unknown error}
04-19 15:53:14.947  1414  1414 W ThreadPoolForeg: type=1400 audit(0.0:323): avc: denied { write } for name="traced_producer" dev="tmpfs" ino=14513 scontext=u:r:gmscore_app:s0:c512,c768 tcontext=u:object_r:traced_producer_socket:s0 tclass=sock_file permissive=0 app=com.google.android.gms
04-19 15:53:17.287   576   655 E WifiVendorHal: getWifiLinkLayerStats_1_3_Internal(l.978) failed {.code = ERROR_UNKNOWN, .description = unknown error}
04-19 15:53:18.187   328   554 I audio_hw_primary: alsa format =0x1 delay frames =1536 total frames=82432000
04-19 15:53:20.312   576   655 E WifiVendorHal: getWifiLinkLayerStats_1_3_Internal(l.978) failed {.code = ERROR_UNKNOWN, .description = unknown error}
04-19 15:53:23.327   576   655 E WifiVendorHal: getWifiLinkLayerStats_1_3_Internal(l.978) failed {.code = ERROR_UNKNOWN, .description = unknown error}
04-19 15:53:23.520   328   554 I audio_hw_primary: alsa format =0x1 delay frames =1664 total frames=82688000
04-19 15:53:26.108  2109  2424 I cast_shell: [0419/155326.108521:INFO:mdns_app_filter.cc(3358)] MdnsAppFilter: responses sent in 97 seconds: 3
04-19 15:53:26.353   576   655 E WifiVendorHal: getWifiLinkLayerStats_1_3_Internal(l.978) failed {.code = ERROR_UNKNOWN, .description = unknown error}
04-19 15:53:28.854   328   554 I audio_hw_primary: alsa format =0x1 delay frames =1536 total frames=82944000
04-19 15:53:28.857   328   554 I audio_hw_primary: alsa format =0x9000000 delay frames =1408 total frames=82944000
04-19 15:53:29.380   576   655 E WifiVendorHal: getWifiLinkLayerStats_1_3_Internal(l.978) failed {.code = ERROR_UNKNOWN, .description = unknown error}
04-19 15:53:32.402   576   655 E WifiVendorHal: getWifiLinkLayerStats_1_3_Internal(l.978) failed {.code = ERROR_UNKNOWN, .description = unknown error}
04-19 15:53:34.187   328   554 I audio_hw_primary: alsa format =0x1 delay frames =1536 total frames=83200000
04-19 15:53:34.646     0     0 D [ 1748.161469@3]  logd: logdr: UID=2000 GID=2000 PID=5278 n tail=0 logMask=10 pid=0 start=0ns timeout=0ns
04-19 15:53:34.798     0     0 D [ 1748.313068@0]  logd: logdr: UID=2000 GID=2000 PID=5281 n tail=200 logMask=99 pid=0 start=0ns timeout=0ns
04-19 15:53:35.424   576   655 E WifiVendorHal: getWifiLinkLayerStats_1_3_Internal(l.978) failed {.code = ERROR_UNKNOWN, .description = unknown error}
04-19 15:53:36.655  1123  1123 W ThreadPoolForeg: type=1400 audit(0.0:324): avc: denied { write } for name="traced_producer" dev="tmpfs" ino=14513 scontext=u:r:gmscore_app:s0:c512,c768 tcontext=u:object_r:traced_producer_socket:s0 tclass=sock_file permissive=0 app=com.google.android.gms
04-19 15:53:38.451   576   655 E WifiVendorHal: getWifiLinkLayerStats_1_3_Internal(l.978) failed {.code = ERROR_UNKNOWN, .description = unknown error}
