04-19 15:55:22.599  1123  5266 I NetworkScheduler.Stats: (REDACTED) Task %s/%s finished executing. cause:%s result: %s elapsed_millis: %s uptime_millis: %s exec_start_elapsed_seconds: %s
04-19 15:55:22.606   576   897 D PowerManagerService: updateSuspendBlockerLocked mWakefulness=1,needWakeLockSuspendBlocker=false
04-19 15:55:22.616  1414  5312 I NearbyFastPair: (REDACTED) TaskSchedulerUtils cancelTask %s success.
04-19 15:55:22.628  1123  5326 I NearbyMediums: ModuleInitializer handles incoming intent com.google.android.gms.phenotype.com.google.android.gms.nearby.COMMITTED
04-19 15:55:22.637  1123  5328 I NearbyConnections: Runtime state initialization complete. Nearby connections setting is disabled
04-19 15:55:22.682  1414  5317 I NearbySharing: com.google.android.gms.nearby.sharing.receive.SamsungQrCodeActivity enable=false
04-19 15:55:22.717  1414  5317 I NearbySharing: Runtime state initialization complete. Sharing is disabled for reason UNSUPPORTED_DEVICE_TYPE_TV.
04-19 15:55:22.769  3415  3492 E TVAnalytics-Core-SystemUtil: catEntry exception
04-19 15:55:22.769  3415  3492 E TVAnalytics-Core-SystemUtil: java.io.FileNotFoundException: /sys/class/amhdmitx/amhdmitx0/product_name: open failed: ENOENT (No such file or directory)
04-19 15:55:22.769  3415  3492 E TVAnalytics-Core-SystemUtil: 	at libcore.io.IoBridge.open(IoBridge.java:492)
04-19 15:55:22.769  3415  3492 E TVAnalytics-Core-SystemUtil: 	at java.io.FileInputStream.<init>(FileInputStream.java:160)
04-19 15:55:22.769  3415  3492 E TVAnalytics-Core-SystemUtil: 	at java.io.FileInputStream.<init>(FileInputStream.java:115)
04-19 15:55:22.769  3415  3492 E TVAnalytics-Core-SystemUtil: 	at com.miui.tv.analytics.internal.util.tv.SystemUtil.catEntry(SystemUtil.java:514)
04-19 15:55:22.769  3415  3492 E TVAnalytics-Core-SystemUtil: 	at com.miui.tv.analytics.internal.collection.edid.EdidStatistics.checkHdmiEdidInfo(EdidStatistics.java:80)
04-19 15:55:22.769  3415  3492 E TVAnalytics-Core-SystemUtil: 	at com.miui.tv.analytics.internal.collection.edid.EdidStatistics.access$000(EdidStatistics.java:21)
04-19 15:55:22.769  3415  3492 E TVAnalytics-Core-SystemUtil: 	at com.miui.tv.analytics.internal.collection.edid.EdidStatistics$1.run(EdidStatistics.java:66)
04-19 15:55:22.769  3415  3492 E TVAnalytics-Core-SystemUtil: 	at android.os.Handler.handleCallback(Handler.java:938)
04-19 15:55:22.769  3415  3492 E TVAnalytics-Core-SystemUtil: 	at android.os.Handler.dispatchMessage(Handler.java:99)
04-19 15:55:22.769  3415  3492 E TVAnalytics-Core-SystemUtil: 	at android.os.Looper.loop(Looper.java:223)
04-19 15:55:22.769  3415  3492 E TVAnalytics-Core-SystemUtil: 	at android.os.HandlerThread.run(HandlerThread.java:67)
04-19 15:55:22.769  3415  3492 E TVAnalytics-Core-SystemUtil: Caused by: android.system.ErrnoException: open failed: ENOENT (No such file or directory)
04-19 15:55:22.769  3415  3492 E TVAnalytics-Core-SystemUtil: 	at libcore.io.Linux.open(Native Method)
04-19 15:55:22.769  3415  3492 E TVAnalytics-Core-SystemUtil: 	at libcore.io.ForwardingOs.open(ForwardingOs.java:166)
04-19 15:55:22.769  3415  3492 E TVAnalytics-Core-SystemUtil: 	at libcore.io.BlockGuardOs.open(BlockGuardOs.java:254)
04-19 15:55:22.769  3415  3492 E TVAnalytics-Core-SystemUtil: 	at libcore.io.ForwardingOs.open(ForwardingOs.java:166)
04-19 15:55:22.769  3415  3492 E TVAnalytics-Core-SystemUtil: 	at android.app.ActivityThread$AndroidOs.open(ActivityThread.java:7542)
04-19 15:55:22.769  3415  3492 E TVAnalytics-Core-SystemUtil: 	at libcore.io.IoBridge.open(IoBridge.java:478)
04-19 15:55:22.769  3415  3492 E TVAnalytics-Core-SystemUtil: 	... 10 more
04-19 15:55:22.874  3415  3492 D updateSystemSession : 1
04-19 15:55:22.874  3415  3492 D updateSystemSession : null != cursor && number > 0
04-19 15:55:24.140   576   655 E WifiVendorHal: getWifiLinkLayerStats_1_3_Internal(l.978) failed {.code = ERROR_UNKNOWN, .description = unknown error}
04-19 15:55:26.188   328   554 I audio_hw_primary: alsa format =0x1 delay frames =1536 total frames=88576000
04-19 15:55:27.167   576   655 E WifiVendorHal: getWifiLinkLayerStats_1_3_Internal(l.978) failed {.code = ERROR_UNKNOWN, .description = unknown error}
04-19 15:55:30.193   576   655 E WifiVendorHal: getWifiLinkLayerStats_1_3_Internal(l.978) failed {.code = ERROR_UNKNOWN, .description = unknown error}
04-19 15:55:31.523   328   554 I audio_hw_primary: alsa format =0x1 delay frames =1536 total frames=88832000
04-19 15:55:33.219   576   655 E WifiVendorHal: getWifiLinkLayerStats_1_3_Internal(l.978) failed {.code = ERROR_UNKNOWN, .description = unknown error}
04-19 15:55:34.203   342   342 D memtrack_aml: sysfs path
04-19 15:55:36.243   576   655 E WifiVendorHal: getWifiLinkLayerStats_1_3_Internal(l.978) failed {.code = ERROR_UNKNOWN, .description = unknown error}
04-19 15:55:36.727  1123  1123 W ThreadPoolForeg: type=1400 audit(0.0:334): avc: denied { write } for name="traced_producer" dev="tmpfs" ino=14513 scontext=u:r:gmscore_app:s0:c512,c768 tcontext=u:object_r:traced_producer_socket:s0 tclass=sock_file permissive=0 app=com.google.android.gms
04-19 15:55:36.738     0     0 I         : [ 1867.721000@0]  show_ctx_mem_pool_size
04-19 15:55:36.855   328   554 I audio_hw_primary: alsa format =0x1 delay frames =1536 total frames=89088000
04-19 15:55:36.864   328   554 I audio_hw_primary: alsa format =0x9000000 delay frames =1024 total frames=89088000
04-19 15:55:37.665  1123  1123 D BoundBrokerSvc: onUnbind: Intent { act=com.google.android.gms.auth.aang.events.services.START dat=chimera-action: cmp=com.google.android.gms/.chimera.PersistentApiService }
04-19 15:55:39.267   576   655 E WifiVendorHal: getWifiLinkLayerStats_1_3_Internal(l.978) failed {.code = ERROR_UNKNOWN, .description = unknown error}
04-19 15:55:42.189   328   554 I audio_hw_primary: alsa format =0x1 delay frames =1536 total frames=89344000
04-19 15:55:42.293   576   655 E WifiVendorHal: getWifiLinkLayerStats_1_3_Internal(l.978) failed {.code = ERROR_UNKNOWN, .description = unknown error}
04-19 15:55:42.825   576   585 I system_server: Background young concurrent copying GC freed 374658(14MB) AllocSpace objects, 39(2344KB) LOS objects, 51% free, 15MB/32MB, paused 374us total 114.425ms
04-19 15:55:42.830   576   587 W System  : A resource failed to call release. 
04-19 15:55:42.830   576   587 I chatty  : uid=1000(system) FinalizerDaemon identical 3 lines
04-19 15:55:42.830   576   587 W System  : A resource failed to call release. 
04-19 15:55:43.600  1123  1123 D BoundBrokerSvc: onUnbind: Intent { act=com.google.android.gms.libs.gmscorelogger.service.START dat=chimera-action: cmp=com.google.android.gms/.chimera.PersistentDirectBootAwareApiService }
04-19 15:55:43.600   576   897 I ActivityManager: Killing 3766:com.google.android.videos/u0a52 (adj 975): empty for 1801s
04-19 15:55:43.606   576   897 I ActivityManager: Killing 4180:com.google.process.gapps/u0a45 (adj 975): empty for 1802s
04-19 15:55:43.606   576   897 I ActivityManager: Killing 4218:com.google.android.partnersetup/u0a61 (adj 985): empty for 1802s
04-19 15:55:43.607   576   897 I ActivityManager: Killing 4152:com.android.providers.calendar/u0a10 (adj 985): empty for 1803s
04-19 15:55:43.633   300   300 I Zygote  : Process 3766 exited due to signal 9 (Killed)
04-19 15:55:43.633   576  2290 D ConnectivityService: ConnectivityService NetworkRequestInfo binderDied(NetworkRequest [ TRACK_DEFAULT id=46, [ Capabilities: INTERNET&NOT_RESTRICTED&TRUSTED Uid: 10052 AdministratorUids: [] RequestorUid: 10052 RequestorPackageName: com.google.android.videos] ], android.os.BinderProxy@d3f707f)
04-19 15:55:43.633   576   659 D ConnectivityService: releasing NetworkRequest [ TRACK_DEFAULT id=46, [ Capabilities: INTERNET&NOT_RESTRICTED&TRUSTED Uid: 10052 AdministratorUids: [] RequestorUid: 10052 RequestorPackageName: com.google.android.videos] ] (release request)
04-19 15:55:43.634   300   300 I Zygote  : Process 4218 exited due to signal 9 (Killed)
04-19 15:55:43.635   576  1354 D ConnectivityService: ConnectivityService NetworkRequestInfo binderDied(NetworkRequest [ LISTEN id=47, [ Capabilities: INTERNET&NOT_RESTRICTED&TRUSTED&FOREGROUND Uid: 10052 AdministratorUids: [] RequestorUid: 10052 RequestorPackageName: com.google.android.videos] ], android.os.BinderProxy@983c84c)
04-19 15:55:43.636   300   300 I Zygote  : Process 4180 exited due to signal 9 (Killed)
04-19 15:55:43.636   300   300 I Zygote  : Process 4152 exited due to signal 9 (Killed)
04-19 15:55:43.650   576   604 I libprocessgroup: Successfully killed process cgroup uid 10052 pid 3766 in 43ms
04-19 15:55:43.651   576   604 I libprocessgroup: Successfully killed process cgroup uid 10045 pid 4180 in 0ms
04-19 15:55:43.651   576   604 I libprocessgroup: Successfully killed process cgroup uid 10061 pid 4218 in 0ms
04-19 15:55:43.651   576   604 I libprocessgroup: Successfully killed process cgroup uid 10010 pid 4152 in 0ms
04-19 15:55:45.043  1414  1414 W ThreadPoolForeg: type=1400 audit(0.0:335): avc: denied { write } for name="traced_producer" dev="tmpfs" ino=14513 scontext=u:r:gmscore_app:s0:c512,c768 tcontext=u:object_r:traced_producer_socket:s0 tclass=sock_file permissive=0 app=com.google.android.gms
04-19 15:55:45.304   576   655 E WifiVendorHal: getWifiLinkLayerStats_1_3_Internal(l.978) failed {.code = ERROR_UNKNOWN, .description = unknown error}
04-19 15:55:47.522   328   554 I audio_hw_primary: alsa format =0x1 delay frames =1536 total frames=89600000
04-19 15:55:48.315   576   655 E WifiVendorHal: getWifiLinkLayerStats_1_3_Internal(l.978) failed {.code = ERROR_UNKNOWN, .description = unknown error}
04-19 15:55:51.329   576   655 E WifiVendorHal: getWifiLinkLayerStats_1_3_Internal(l.978) failed {.code = ERROR_UNKNOWN, .description = unknown error}
04-19 15:55:52.855   328   554 I audio_hw_primary: alsa format =0x1 delay frames =1536 total frames=89856000
04-19 15:55:54.343   576   655 E WifiVendorHal: getWifiLinkLayerStats_1_3_Internal(l.978) failed {.code = ERROR_UNKNOWN, .description = unknown error}
04-19 15:55:57.367   576   655 E WifiVendorHal: getWifiLinkLayerStats_1_3_Internal(l.978) failed {.code = ERROR_UNKNOWN, .description = unknown error}
04-19 15:55:58.189   328   554 I audio_hw_primary: alsa format =0x1 delay frames =1536 total frames=90112000
04-19 15:56:00.000   576   642 D PowerManagerService: updateSuspendBlockerLocked mWakefulness=1,needWakeLockSuspendBlocker=true
04-19 15:56:00.000  2109  2484 I cast_shell: [0419/155600.000791:INFO:ssdp_device.c(101)] SSDP packets sent for 63 seconds = 6
04-19 15:56:00.002   576   576 D PowerManagerService: updateSuspendBlockerLocked mWakefulness=1,needWakeLockSuspendBlocker=false
04-19 15:56:00.391   576   655 E WifiVendorHal: getWifiLinkLayerStats_1_3_Internal(l.978) failed {.code = ERROR_UNKNOWN, .description = unknown error}
04-19 15:56:03.403   576   655 E WifiVendorHal: getWifiLinkLayerStats_1_3_Internal(l.978) failed {.code = ERROR_UNKNOWN, .description = unknown error}
04-19 15:56:03.522   328   554 I audio_hw_primary: alsa format =0x1 delay frames =1536 total frames=90368000
04-19 15:56:06.415   576   655 E WifiVendorHal: getWifiLinkLayerStats_1_3_Internal(l.978) failed {.code = ERROR_UNKNOWN, .description = unknown error}
04-19 15:56:06.751  1123  1123 W ThreadPoolForeg: type=1400 audit(0.0:336): avc: denied { write } for name="traced_producer" dev="tmpfs" ino=14513 scontext=u:r:gmscore_app:s0:c512,c768 tcontext=u:object_r:traced_producer_socket:s0 tclass=sock_file permissive=0 app=com.google.android.gms
04-19 15:56:08.855   328   554 I audio_hw_primary: alsa format =0x1 delay frames =1536 total frames=90624000
04-19 15:56:08.858   328   554 I audio_hw_primary: alsa format =0x9000000 delay frames =1408 total frames=90624000
04-19 15:56:08.897  2109  2109 I cast_shell: [0419/155608.897182:INFO:service_base.h(78)] Size of the map for type AuthTokenResponse is 0
04-19 15:56:08.991  2109  2109 I cast_shell: [0419/155608.991058:INFO:service_base.h(246)] Container sizes for type CloudSetting are (session_info_map: 0), (topic_info_map: 21), (pending_events: 0).
04-19 15:56:08.991  2109  2109 I cast_shell: [0419/155608.991392:INFO:metrics_stat_logger.cc(38)] Metrics stat for the past 60 secs : total=8
04-19 15:56:08.991  2109  2109 I cast_shell: [metrics_stat_logger] Cast.Discovery.Mdns.Query.Cast.Count=1
04-19 15:56:08.991  2109  2109 I cast_shell: [metrics_stat_logger] Cloud.Transport.Gcm.GetStatus.In=1
04-19 15:56:08.991  2109  2109 I cast_shell: [metrics_stat_logger] Cloud.Transport.Gcm.GetStatus.Received=1
04-19 15:56:08.991  2109  2109 I cast_shell: [metrics_stat_logger] Cloud.Transport.Gcm.Message.Received=1
04-19 15:56:08.991  2109  2109 I cast_shell: [metrics_stat_logger] Cloud.Transport.Https.Status.Out=1
04-19 15:56:08.991  2109  2109 I cast_shell: [metrics_stat_logger] Cloud.Transport.Https.Status.Out.Success=1
04-19 15:56:08.991  2109  2109 I cast_shell: [metrics_stat_logger] Dial.SsdpDeviceDesc.Linux=2
04-19 15:56:08.991  2109  2109 I cast_shell: [metrics_stat_logger] Dial.SsdpDeviceDesc.Linux.200=2
04-19 15:56:09.433   576   655 E WifiVendorHal: getWifiLinkLayerStats_1_3_Internal(l.978) failed {.code = ERROR_UNKNOWN, .description = unknown error}
04-19 15:56:11.692  2439  2539 I Finsky  : [195] Stats for Executor: LightweightExecutor mkw@c0b19a[Running, pool size = 3, active threads = 0, queued tasks = 0, completed tasks = 280]
04-19 15:56:11.692  2439  2539 I Finsky  : [195] Stats for Executor: BlockingExecutor mkw@f44bacb[Running, pool size = 0, active threads = 0, queued tasks = 0, completed tasks = 40]
04-19 15:56:11.693  2439  2539 I Finsky  : [195] Stats for Executor: bgExecutor mkw@52f92a8[Running, pool size = 4, active threads = 0, queued tasks = 0, completed tasks = 450]
04-19 15:56:12.449   576   655 E WifiVendorHal: getWifiLinkLayerStats_1_3_Internal(l.978) failed {.code = ERROR_UNKNOWN, .description = unknown error}
04-19 15:56:12.570  2724  2773 I Finsky:background: [215] Stats for Executor: bgExecutor mkw@9e8e1e7[Running, pool size = 4, active threads = 0, queued tasks = 0, completed tasks = 35]
04-19 15:56:12.571  2724  2773 I Finsky:background: [215] Stats for Executor: LightweightExecutor mkw@ca6c194[Running, pool size = 3, active threads = 0, queued tasks = 0, completed tasks = 20]
04-19 15:56:12.782  2724  2773 I Finsky:background: [215] Stats for Executor: BlockingExecutor mkw@e73b43d[Running, pool size = 0, active threads = 0, queued tasks = 0, completed tasks = 25]
04-19 15:56:14.188   328   554 I audio_hw_primary: alsa format =0x1 delay frames =1664 total frames=90880000
04-19 15:56:15.087  1414  1414 W ThreadPoolForeg: type=1400 audit(0.0:337): avc: denied { write } for name="traced_producer" dev="tmpfs" ino=14513 scontext=u:r:gmscore_app:s0:c512,c768 tcontext=u:object_r:traced_producer_socket:s0 tclass=sock_file permissive=0 app=com.google.android.gms
04-19 15:56:15.473   576   655 E WifiVendorHal: getWifiLinkLayerStats_1_3_Internal(l.978) failed {.code = ERROR_UNKNOWN, .description = unknown error}
04-19 15:56:18.488   576   655 E WifiVendorHal: getWifiLinkLayerStats_1_3_Internal(l.978) failed {.code = ERROR_UNKNOWN, .description = unknown error}
04-19 15:56:19.522   328   554 I audio_hw_primary: alsa format =0x1 delay frames =1536 total frames=91136000
04-19 15:56:21.499   576   655 E WifiVendorHal: getWifiLinkLayerStats_1_3_Internal(l.978) failed {.code = ERROR_UNKNOWN, .description = unknown error}
04-19 15:56:24.526   576   655 E WifiVendorHal: getWifiLinkLayerStats_1_3_Internal(l.978) failed {.code = ERROR_UNKNOWN, .description = unknown error}
04-19 15:56:24.856   328   554 I audio_hw_primary: alsa format =0x1 delay frames =1536 total frames=91392000
04-19 15:56:27.550   576   655 E WifiVendorHal: getWifiLinkLayerStats_1_3_Internal(l.978) failed {.code = ERROR_UNKNOWN, .description = unknown error}
04-19 15:56:29.580   576  2283 I ActivityManager: Killing 3216:com.google.android.tungsten.setupwraith/u0a42 (adj 965): empty for 1828s
04-19 15:56:29.580   576  2283 I ActivityManager: Killing 4082:com.amazon.amazonvideo.livingroom/u0a34 (adj 965): empty for 1837s
04-19 15:56:29.609   300   300 I Zygote  : Process 3216 exited due to signal 9 (Killed)
04-19 15:56:29.620   300   300 I Zygote  : Process 4082 exited due to signal 9 (Killed)
04-19 15:56:29.626   576   604 I libprocessgroup: Successfully killed process cgroup uid 10042 pid 3216 in 45ms
04-19 15:56:29.627   576   604 I libprocessgroup: Successfully killed process cgroup uid 10034 pid 4082 in 0ms
04-19 15:56:30.190   328   554 I audio_hw_primary: alsa format =0x1 delay frames =1536 total frames=91648000
04-19 15:56:30.573   576   655 E WifiVendorHal: getWifiLinkLayerStats_1_3_Internal(l.978) failed {.code = ERROR_UNKNOWN, .description = unknown error}
04-19 15:56:33.599   576   655 E WifiVendorHal: getWifiLinkLayerStats_1_3_Internal(l.978) failed {.code = ERROR_UNKNOWN, .description = unknown error}
04-19 15:56:35.521   328   554 I audio_hw_primary: alsa format =0x1 delay frames =1664 total frames=91904000
04-19 15:56:36.624   576   655 E WifiVendorHal: getWifiLinkLayerStats_1_3_Internal(l.978) failed {.code = ERROR_UNKNOWN, .description = unknown error}
04-19 15:56:36.771  1123  1123 W ThreadPoolForeg: type=1400 audit(0.0:338): avc: denied { write } for name="traced_producer" dev="tmpfs" ino=14513 scontext=u:r:gmscore_app:s0:c512,c768 tcontext=u:object_r:traced_producer_socket:s0 tclass=sock_file permissive=0 app=com.google.android.gms
04-19 15:56:38.822  2109  2253 I cast_shell: [0419/155638.822854:INFO:wifi_frame_histogram_capturer.cc(406)] No histogram or IOCTL data
04-19 15:56:38.912  2109  2109 I cast_shell: [0419/155638.912811:INFO:metrics_recorder.cc(193)] Record action: Cast.CecHdmiInputState.Unknown
04-19 15:56:38.913  2109  2109 I cast_shell: [0419/155638.913030:INFO:metrics_recorder.cc(193)] Record action: Cast.CecStandby.Unknown
04-19 15:56:39.649   576   655 E WifiVendorHal: getWifiLinkLayerStats_1_3_Internal(l.978) failed {.code = ERROR_UNKNOWN, .description = unknown error}
04-19 15:56:40.604  2109  2424 I cast_shell: [0419/155640.604147:INFO:mdns_app_filter.cc(3358)] MdnsAppFilter: responses sent in 97 seconds: 5
04-19 15:56:40.856   328   554 I audio_hw_primary: alsa format =0x1 delay frames =1536 total frames=92160000
04-19 15:56:40.859   328   554 I audio_hw_primary: alsa format =0x9000000 delay frames =1280 total frames=92160000
04-19 15:56:42.664   576   655 E WifiVendorHal: getWifiLinkLayerStats_1_3_Internal(l.978) failed {.code = ERROR_UNKNOWN, .description = unknown error}
04-19 15:56:45.095  1414  1414 W ThreadPoolForeg: type=1400 audit(0.0:339): avc: denied { write } for name="traced_producer" dev="tmpfs" ino=14513 scontext=u:r:gmscore_app:s0:c512,c768 tcontext=u:object_r:traced_producer_socket:s0 tclass=sock_file permissive=0 app=com.google.android.gms
04-19 15:56:45.676   576   655 E WifiVendorHal: getWifiLinkLayerStats_1_3_Internal(l.978) failed {.code = ERROR_UNKNOWN, .description = unknown error}
04-19 15:56:46.189   328   554 I audio_hw_primary: alsa format =0x1 delay frames =1536 total frames=92416000
04-19 15:56:48.692   576   655 E WifiVendorHal: getWifiLinkLayerStats_1_3_Internal(l.978) failed {.code = ERROR_UNKNOWN, .description = unknown error}
04-19 15:56:51.522   328   554 I audio_hw_primary: alsa format =0x1 delay frames =1536 total frames=92672000
04-19 15:56:51.708   576   655 E WifiVendorHal: getWifiLinkLayerStats_1_3_Internal(l.978) failed {.code = ERROR_UNKNOWN, .description = unknown error}
04-19 15:56:53.777  2109  2484 I cast_shell: [0419/155653.777805:INFO:ssdp_device.c(101)] SSDP packets sent for 54 seconds = 2
04-19 15:56:54.735   576   655 E WifiVendorHal: getWifiLinkLayerStats_1_3_Internal(l.978) failed {.code = ERROR_UNKNOWN, .description = unknown error}
04-19 15:56:56.856   328   554 I audio_hw_primary: alsa format =0x1 delay frames =1536 total frames=92928000
04-19 15:56:57.756   576   655 E WifiVendorHal: getWifiLinkLayerStats_1_3_Internal(l.978) failed {.code = ERROR_UNKNOWN, .description = unknown error}
04-19 15:57:00.000   576   642 D PowerManagerService: updateSuspendBlockerLocked mWakefulness=1,needWakeLockSuspendBlocker=true
04-19 15:57:00.002   576   576 D PowerManagerService: updateSuspendBlockerLocked mWakefulness=1,needWakeLockSuspendBlocker=false
04-19 15:57:00.780   576   655 E WifiVendorHal: getWifiLinkLayerStats_1_3_Internal(l.978) failed {.code = ERROR_UNKNOWN, .description = unknown error}
04-19 15:57:02.190   328   554 I audio_hw_primary: alsa format =0x1 delay frames =1536 total frames=93184000
04-19 15:57:03.803   576   655 E WifiVendorHal: getWifiLinkLayerStats_1_3_Internal(l.978) failed {.code = ERROR_UNKNOWN, .description = unknown error}
04-19 15:57:06.783  1123  1123 W ThreadPoolForeg: type=1400 audit(0.0:340): avc: denied { write } for name="traced_producer" dev="tmpfs" ino=14513 scontext=u:r:gmscore_app:s0:c512,c768 tcontext=u:object_r:traced_producer_socket:s0 tclass=sock_file permissive=0 app=com.google.android.gms
04-19 15:57:06.816   576   655 E WifiVendorHal: getWifiLinkLayerStats_1_3_Internal(l.978) failed {.code = ERROR_UNKNOWN, .description = unknown error}
04-19 15:57:07.523   328   554 I audio_hw_primary: alsa format =0x1 delay frames =1536 total frames=93440000
04-19 15:57:08.897  2109  2109 I cast_shell: [0419/155708.897551:INFO:service_base.h(78)] Size of the map for type AuthTokenResponse is 0
04-19 15:57:08.991  2109  2109 I cast_shell: [0419/155708.991472:INFO:service_base.h(246)] Container sizes for type CloudSetting are (session_info_map: 0), (topic_info_map: 21), (pending_events: 0).
04-19 15:57:08.992  2109  2109 I cast_shell: [0419/155708.991918:INFO:metrics_stat_logger.cc(38)] Metrics stat for the past 60 secs : total=9
04-19 15:57:08.992  2109  2109 I cast_shell: [metrics_stat_logger] AppRunning=1
04-19 15:57:08.992  2109  2109 I cast_shell: [metrics_stat_logger] Cast.CecHdmiInputState.Unknown=1
04-19 15:57:08.992  2109  2109 I cast_shell: [metrics_stat_logger] Cast.CecStandby.Unknown=1
04-19 15:57:08.992  2109  2109 I cast_shell: [metrics_stat_logger] Cast.ConnectionType.Unknown=1
04-19 15:57:08.992  2109  2109 I cast_shell: [metrics_stat_logger] Cast.Discovery.Mdns.Request.In=2
04-19 15:57:08.992  2109  2109 I cast_shell: [metrics_stat_logger] Cast.Discovery.Mdns.Response.Out=2
04-19 15:57:08.992  2109  2109 I cast_shell: [metrics_stat_logger] Cast.Network.CheckIn=1
04-19 15:57:08.992  2109  2109 I cast_shell: [metrics_stat_logger] Dial.SsdpDeviceDesc.Linux=2
04-19 15:57:08.992  2109  2109 I cast_shell: [metrics_stat_logger] Dial.SsdpDeviceDesc.Linux.200=2
04-19 15:57:09.246  2109  2424 I cast_shell: [0419/155709.246720:INFO:mdns_app_filter.cc(3550)] Mdns cast queries recently sent: queries=1
04-19 15:57:09.840   576   655 E WifiVendorHal: getWifiLinkLayerStats_1_3_Internal(l.978) failed {.code = ERROR_UNKNOWN, .description = unknown error}
04-19 15:57:12.853   576   655 E WifiVendorHal: getWifiLinkLayerStats_1_3_Internal(l.978) failed {.code = ERROR_UNKNOWN, .description = unknown error}
04-19 15:57:12.856   328   554 I audio_hw_primary: alsa format =0x1 delay frames =1536 total frames=93696000
04-19 15:57:12.859   328   554 I audio_hw_primary: alsa format =0x9000000 delay frames =1280 total frames=93696000
04-19 15:57:15.107  1414  1414 W ThreadPoolForeg: type=1400 audit(0.0:341): avc: denied { write } for name="traced_producer" dev="tmpfs" ino=14513 scontext=u:r:gmscore_app:s0:c512,c768 tcontext=u:object_r:traced_producer_socket:s0 tclass=sock_file permissive=0 app=com.google.android.gms
04-19 15:57:15.867   576   655 E WifiVendorHal: getWifiLinkLayerStats_1_3_Internal(l.978) failed {.code = ERROR_UNKNOWN, .description = unknown error}
04-19 15:57:18.188   328   554 I audio_hw_primary: alsa format =0x1 delay frames =1664 total frames=93952000
04-19 15:57:18.880   576   655 E WifiVendorHal: getWifiLinkLayerStats_1_3_Internal(l.978) failed {.code = ERROR_UNKNOWN, .description = unknown error}
04-19 15:57:21.892   576   655 E WifiVendorHal: getWifiLinkLayerStats_1_3_Internal(l.978) failed {.code = ERROR_UNKNOWN, .description = unknown error}
04-19 15:57:23.076   576   642 D PowerManagerService: updateSuspendBlockerLocked mWakefulness=1,needWakeLockSuspendBlocker=true
04-19 15:57:23.077   576   651 D PowerManagerService: updateSuspendBlockerLocked mWakefulness=1,needWakeLockSuspendBlocker=true
04-19 15:57:23.104   342   342 D memtrack_aml: sysfs path
04-19 15:57:23.117  3415  5343 D WakeupService: onStartCommand command: active
04-19 15:57:23.118  3415  5343 D SystemUtil: isOverSeasProduct true
04-19 15:57:23.134  3415  5344 D TVAnalytics-Core-UA: getTodaySentCount date: 20260419, count: 24
04-19 15:57:23.134  3415  5344 D TVAnalytics-Core-UA: getTodaySentCount return 24
04-19 15:57:23.134  3415  5344 D TVAnalytics-Core-UA: sent_count reach max value, return directly
04-19 15:57:23.167   576   576 D PowerManagerService: updateSuspendBlockerLocked mWakefulness=1,needWakeLockSuspendBlocker=true
04-19 15:57:23.178   576   898 D PowerManagerService: updateSuspendBlockerLocked mWakefulness=1,needWakeLockSuspendBlocker=true
04-19 15:57:23.181   576   651 D PowerManagerService: updateSuspendBlockerLocked mWakefulness=1,needWakeLockSuspendBlocker=true
04-19 15:57:23.185   576   576 D PowerManagerService: updateSuspendBlockerLocked mWakefulness=1,needWakeLockSuspendBlocker=true
04-19 15:57:23.186   576   576 D PowerManagerService: updateSuspendBlockerLocked mWakefulness=1,needWakeLockSuspendBlocker=true
04-19 15:57:23.203  4611  5345 D MitvSystem: isTvProduct productCategory 2
04-19 15:57:23.214   576   897 D PowerManagerService: updateSuspendBlockerLocked mWakefulness=1,needWakeLockSuspendBlocker=false
04-19 15:57:23.231  1123  1123 D BoundBrokerSvc: onRebind: Intent { act=com.google.android.gms.auth.aang.events.services.START dat=chimera-action: cmp=com.google.android.gms/.chimera.PersistentApiService }
04-19 15:57:23.232  1294  1633 I katniss_interactor_KatnissAppFlowLoggerInteractor: AppFlowEvent: PT32M56.746204191S, EVENT_TYPE_START, OPERATOR_API_START, internalRequestId=6849959348313982194
04-19 15:57:23.233  1294  1633 I katniss_interactor_KatnissAppFlowLoggerInteractor: AppFlowEvent: PT32M56.747530316S, EVENT_TYPE_MILESTONE, OPERATOR_API_CONNECTION_ESTABLISHED_START, internalRequestId=6849959348313982194
04-19 15:57:23.234  1294  1633 I katniss_interactor_KatnissAppFlowLoggerInteractor: AppFlowEvent: PT32M56.747993441S, EVENT_TYPE_MILESTONE, OPERATOR_API_CONNECTION_ESTABLISHED_END, internalRequestId=6849959348313982194
04-19 15:57:23.236  1294  1633 I katniss_interactor_KatnissAppFlowLoggerInteractor: AppFlowEvent: PT32M56.748372732S, EVENT_TYPE_END, OPERATOR_API_END, internalRequestId=6849959348313982194
04-19 15:57:23.451  1414  1482 I ckya    : (REDACTED) Shared storage file not found for %s
04-19 15:57:23.522   328   554 I audio_hw_primary: alsa format =0x1 delay frames =1664 total frames=94208000
04-19 15:57:24.427  1123  1123 D BoundBrokerSvc: onRebind: Intent { act=com.google.android.gms.libs.gmscorelogger.service.START dat=chimera-action: cmp=com.google.android.gms/.chimera.PersistentDirectBootAwareApiService }
04-19 15:57:24.915   576   655 E WifiVendorHal: getWifiLinkLayerStats_1_3_Internal(l.978) failed {.code = ERROR_UNKNOWN, .description = unknown error}
04-19 15:57:27.930   576   655 E WifiVendorHal: getWifiLinkLayerStats_1_3_Internal(l.978) failed {.code = ERROR_UNKNOWN, .description = unknown error}
04-19 15:57:28.856   328   554 I audio_hw_primary: alsa format =0x1 delay frames =1536 total frames=94464000
04-19 15:57:30.562   576   629 I ActivityManager: Killing 3633:com.android.settings.intelligence/u0a44 (adj 999): empty for 1803s
04-19 15:57:30.581   300   300 I Zygote  : Process 3633 exited due to signal 9 (Killed)
04-19 15:57:30.601   576   604 I libprocessgroup: Successfully killed process cgroup uid 10044 pid 3633 in 38ms
04-19 15:57:30.956   576   655 E WifiVendorHal: getWifiLinkLayerStats_1_3_Internal(l.978) failed {.code = ERROR_UNKNOWN, .description = unknown error}
04-19 15:57:33.980   576   655 E WifiVendorHal: getWifiLinkLayerStats_1_3_Internal(l.978) failed {.code = ERROR_UNKNOWN, .description = unknown error}
04-19 15:57:34.189   328   554 I audio_hw_primary: alsa format =0x1 delay frames =1664 total frames=94720000
04-19 15:57:36.803  1123  1123 W ThreadPoolForeg: type=1400 audit(0.0:342): avc: denied { write } for name="traced_producer" dev="tmpfs" ino=14513 scontext=u:r:gmscore_app:s0:c512,c768 tcontext=u:object_r:traced_producer_socket:s0 tclass=sock_file permissive=0 app=com.google.android.gms
04-19 15:57:36.809     0     0 I         : [ 1976.621398@2]  show_ctx_mem_pool_size
04-19 15:57:37.004   576   655 E WifiVendorHal: getWifiLinkLayerStats_1_3_Internal(l.978) failed {.code = ERROR_UNKNOWN, .description = unknown error}
04-19 15:57:38.301  1123  1123 D BoundBrokerSvc: onUnbind: Intent { act=com.google.android.gms.auth.aang.events.services.START dat=chimera-action: cmp=com.google.android.gms/.chimera.PersistentApiService }
04-19 15:57:39.443  1123  1123 D BoundBrokerSvc: onUnbind: Intent { act=com.google.android.gms.libs.gmscorelogger.service.START dat=chimera-action: cmp=com.google.android.gms/.chimera.PersistentDirectBootAwareApiService }
04-19 15:57:39.522   328   554 I audio_hw_primary: alsa format =0x1 delay frames =1664 total frames=94976000
04-19 15:57:40.032   576   655 E WifiVendorHal: getWifiLinkLayerStats_1_3_Internal(l.978) failed {.code = ERROR_UNKNOWN, .description = unknown error}
04-19 15:57:43.056   576   655 E WifiVendorHal: getWifiLinkLayerStats_1_3_Internal(l.978) failed {.code = ERROR_UNKNOWN, .description = unknown error}
04-19 15:57:44.856   328   554 I audio_hw_primary: alsa format =0x1 delay frames =1536 total frames=95232000
04-19 15:57:44.861   328   554 I audio_hw_primary: alsa format =0x9000000 delay frames =1280 total frames=95232000
04-19 15:57:45.119  1414  1414 W ThreadPoolForeg: type=1400 audit(0.0:343): avc: denied { write } for name="traced_producer" dev="tmpfs" ino=14513 scontext=u:r:gmscore_app:s0:c512,c768 tcontext=u:object_r:traced_producer_socket:s0 tclass=sock_file permissive=0 app=com.google.android.gms
04-19 15:57:46.079   576   655 E WifiVendorHal: getWifiLinkLayerStats_1_3_Internal(l.978) failed {.code = ERROR_UNKNOWN, .description = unknown error}
04-19 15:57:47.001  2109  2484 I cast_shell: [0419/155747.001090:INFO:ssdp_device.c(101)] SSDP packets sent for 53 seconds = 6
04-19 15:57:49.104   576   655 E WifiVendorHal: getWifiLinkLayerStats_1_3_Internal(l.978) failed {.code = ERROR_UNKNOWN, .description = unknown error}
04-19 15:57:50.190   328   554 I audio_hw_primary: alsa format =0x1 delay frames =1536 total frames=95488000
04-19 15:57:52.120   576   655 E WifiVendorHal: getWifiLinkLayerStats_1_3_Internal(l.978) failed {.code = ERROR_UNKNOWN, .description = unknown error}
04-19 15:57:55.146   576   655 E WifiVendorHal: getWifiLinkLayerStats_1_3_Internal(l.978) failed {.code = ERROR_UNKNOWN, .description = unknown error}
04-19 15:57:55.523   328   554 I audio_hw_primary: alsa format =0x1 delay frames =1536 total frames=95744000
04-19 15:57:58.172   576   655 E WifiVendorHal: getWifiLinkLayerStats_1_3_Internal(l.978) failed {.code = ERROR_UNKNOWN, .description = unknown error}
04-19 15:58:00.001   576   642 D PowerManagerService: updateSuspendBlockerLocked mWakefulness=1,needWakeLockSuspendBlocker=true
04-19 15:58:00.002   576   576 D PowerManagerService: updateSuspendBlockerLocked mWakefulness=1,needWakeLockSuspendBlocker=false
04-19 15:58:00.856   328   554 I audio_hw_primary: alsa format =0x1 delay frames =1536 total frames=96000000
04-19 15:58:01.196   576   655 E WifiVendorHal: getWifiLinkLayerStats_1_3_Internal(l.978) failed {.code = ERROR_UNKNOWN, .description = unknown error}
04-19 15:58:04.222   576   655 E WifiVendorHal: getWifiLinkLayerStats_1_3_Internal(l.978) failed {.code = ERROR_UNKNOWN, .description = unknown error}
04-19 15:58:06.189   328   554 I audio_hw_primary: alsa format =0x1 delay frames =1664 total frames=96256000
04-19 15:58:06.831  1123  1123 W ThreadPoolForeg: type=1400 audit(0.0:344): avc: denied { write } for name="traced_producer" dev="tmpfs" ino=14513 scontext=u:r:gmscore_app:s0:c512,c768 tcontext=u:object_r:traced_producer_socket:s0 tclass=sock_file permissive=0 app=com.google.android.gms
04-19 15:58:07.247   576   655 E WifiVendorHal: getWifiLinkLayerStats_1_3_Internal(l.978) failed {.code = ERROR_UNKNOWN, .description = unknown error}
04-19 15:58:08.898  2109  2109 I cast_shell: [0419/155808.897923:INFO:service_base.h(78)] Size of the map for type AuthTokenResponse is 0
04-19 15:58:08.992  2109  2109 I cast_shell: [0419/155808.991927:INFO:service_base.h(246)] Container sizes for type CloudSetting are (session_info_map: 0), (topic_info_map: 21), (pending_events: 0).
04-19 15:58:08.992  2109  2109 I cast_shell: [0419/155808.992257:INFO:metrics_stat_logger.cc(38)] Metrics stat for the past 60 secs : total=3
04-19 15:58:08.992  2109  2109 I cast_shell: [metrics_stat_logger] Cast.Discovery.Mdns.Query.Cast.Count=1
04-19 15:58:08.992  2109  2109 I cast_shell: [metrics_stat_logger] Dial.SsdpDeviceDesc.Linux=2
04-19 15:58:08.992  2109  2109 I cast_shell: [metrics_stat_logger] Dial.SsdpDeviceDesc.Linux.200=2
04-19 15:58:10.270   576   655 E WifiVendorHal: getWifiLinkLayerStats_1_3_Internal(l.978) failed {.code = ERROR_UNKNOWN, .description = unknown error}
04-19 15:58:11.523   328   554 I audio_hw_primary: alsa format =0x1 delay frames =1536 total frames=96512000
04-19 15:58:13.292   576   655 E WifiVendorHal: getWifiLinkLayerStats_1_3_Internal(l.978) failed {.code = ERROR_UNKNOWN, .description = unknown error}
04-19 15:58:15.135  1414  1414 W ThreadPoolForeg: type=1400 audit(0.0:345): avc: denied { write } for name="traced_producer" dev="tmpfs" ino=14513 scontext=u:r:gmscore_app:s0:c512,c768 tcontext=u:object_r:traced_producer_socket:s0 tclass=sock_file permissive=0 app=com.google.android.gms
04-19 15:58:16.308   576   655 E WifiVendorHal: getWifiLinkLayerStats_1_3_Internal(l.978) failed {.code = ERROR_UNKNOWN, .description = unknown error}
04-19 15:58:16.780  2109  2424 I cast_shell: [0419/155816.779935:INFO:mdns_app_filter.cc(3358)] MdnsAppFilter: responses sent in 96 seconds: 4
04-19 15:58:16.856   328   554 I audio_hw_primary: alsa format =0x1 delay frames =1664 total frames=96768000
04-19 15:58:16.861   328   554 I audio_hw_primary: alsa format =0x9000000 delay frames =1280 total frames=96768000
04-19 15:58:19.322   576   655 E WifiVendorHal: getWifiLinkLayerStats_1_3_Internal(l.978) failed {.code = ERROR_UNKNOWN, .description = unknown error}
04-19 15:58:22.192   328   554 I audio_hw_primary: alsa format =0x1 delay frames =1536 total frames=97024000
04-19 15:58:22.337   576   655 E WifiVendorHal: getWifiLinkLayerStats_1_3_Internal(l.978) failed {.code = ERROR_UNKNOWN, .description = unknown error}
04-19 15:58:25.363   576   655 E WifiVendorHal: getWifiLinkLayerStats_1_3_Internal(l.978) failed {.code = ERROR_UNKNOWN, .description = unknown error}
04-19 15:58:27.523   328   554 I audio_hw_primary: alsa format =0x1 delay frames =1536 total frames=97280000
04-19 15:58:28.392   576   655 E WifiVendorHal: getWifiLinkLayerStats_1_3_Internal(l.978) failed {.code = ERROR_UNKNOWN, .description = unknown error}
04-19 15:58:31.415   576   655 E WifiVendorHal: getWifiLinkLayerStats_1_3_Internal(l.978) failed {.code = ERROR_UNKNOWN, .description = unknown error}
04-19 15:58:32.857   328   554 I audio_hw_primary: alsa format =0x1 delay frames =1536 total frames=97536000
04-19 15:58:34.430   576   655 E WifiVendorHal: getWifiLinkLayerStats_1_3_Internal(l.978) failed {.code = ERROR_UNKNOWN, .description = unknown error}
04-19 15:58:36.859  1123  1123 W ThreadPoolForeg: type=1400 audit(0.0:346): avc: denied { write } for name="traced_producer" dev="tmpfs" ino=14513 scontext=u:r:gmscore_app:s0:c512,c768 tcontext=u:object_r:traced_producer_socket:s0 tclass=sock_file permissive=0 app=com.google.android.gms
04-19 15:58:37.454   576   655 E WifiVendorHal: getWifiLinkLayerStats_1_3_Internal(l.978) failed {.code = ERROR_UNKNOWN, .description = unknown error}
04-19 15:58:38.191   328   554 I audio_hw_primary: alsa format =0x1 delay frames =1536 total frames=97792000
04-19 15:58:39.149  2109  2484 I cast_shell: [0419/155839.149804:INFO:ssdp_device.c(101)] SSDP packets sent for 52 seconds = 2
04-19 15:58:40.479   576   655 E WifiVendorHal: getWifiLinkLayerStats_1_3_Internal(l.978) failed {.code = ERROR_UNKNOWN, .description = unknown error}
04-19 15:58:43.504   576   655 E WifiVendorHal: getWifiLinkLayerStats_1_3_Internal(l.978) failed {.code = ERROR_UNKNOWN, .description = unknown error}
04-19 15:58:43.524   328   554 I audio_hw_primary: alsa format =0x1 delay frames =1536 total frames=98048000
04-19 15:58:45.155  1414  1414 W ThreadPoolForeg: type=1400 audit(0.0:347): avc: denied { write } for name="traced_producer" dev="tmpfs" ino=14513 scontext=u:r:gmscore_app:s0:c512,c768 tcontext=u:object_r:traced_producer_socket:s0 tclass=sock_file permissive=0 app=com.google.android.gms
04-19 15:58:46.527   576   655 E WifiVendorHal: getWifiLinkLayerStats_1_3_Internal(l.978) failed {.code = ERROR_UNKNOWN, .description = unknown error}
04-19 15:58:48.857   328   554 I audio_hw_primary: alsa format =0x1 delay frames =1536 total frames=98304000
04-19 15:58:48.862   328   554 I audio_hw_primary: alsa format =0x9000000 delay frames =1280 total frames=98304000
04-19 15:58:49.541   576   655 E WifiVendorHal: getWifiLinkLayerStats_1_3_Internal(l.978) failed {.code = ERROR_UNKNOWN, .description = unknown error}
04-19 15:58:53.518     0     0 D [ 2067.034231@2]  logd: logdr: UID=2000 GID=2000 PID=5355 n tail=1000 logMask=99 pid=0 start=0ns timeout=0ns
