04-19 15:53:39.521   328   554 I audio_hw_primary: alsa format =0x1 delay frames =1536 total frames=83456000
04-19 15:53:41.464   576   655 E WifiVendorHal: getWifiLinkLayerStats_1_3_Internal(l.978) failed {.code = ERROR_UNKNOWN, .description = unknown error}
04-19 15:53:44.487   576   655 E WifiVendorHal: getWifiLinkLayerStats_1_3_Internal(l.978) failed {.code = ERROR_UNKNOWN, .description = unknown error}
04-19 15:53:44.854   328   554 I audio_hw_primary: alsa format =0x1 delay frames =1664 total frames=83712000
04-19 15:53:44.987  1414  1414 W ThreadPoolForeg: type=1400 audit(0.0:325): avc: denied { write } for name="traced_producer" dev="tmpfs" ino=14513 scontext=u:r:gmscore_app:s0:c512,c768 tcontext=u:object_r:traced_producer_socket:s0 tclass=sock_file permissive=0 app=com.google.android.gms
04-19 15:53:47.512   576   655 E WifiVendorHal: getWifiLinkLayerStats_1_3_Internal(l.978) failed {.code = ERROR_UNKNOWN, .description = unknown error}
04-19 15:53:50.189   328   554 I audio_hw_primary: alsa format =0x1 delay frames =1536 total frames=83968000
04-19 15:53:50.538   576   655 E WifiVendorHal: getWifiLinkLayerStats_1_3_Internal(l.978) failed {.code = ERROR_UNKNOWN, .description = unknown error}
04-19 15:53:53.563   576   655 E WifiVendorHal: getWifiLinkLayerStats_1_3_Internal(l.978) failed {.code = ERROR_UNKNOWN, .description = unknown error}
04-19 15:53:55.521   328   554 I audio_hw_primary: alsa format =0x1 delay frames =1536 total frames=84224000
04-19 15:53:56.589   576   655 E WifiVendorHal: getWifiLinkLayerStats_1_3_Internal(l.978) failed {.code = ERROR_UNKNOWN, .description = unknown error}
04-19 15:53:59.617   576   655 E WifiVendorHal: getWifiLinkLayerStats_1_3_Internal(l.978) failed {.code = ERROR_UNKNOWN, .description = unknown error}
04-19 15:54:00.000   576   642 D PowerManagerService: updateSuspendBlockerLocked mWakefulness=1,needWakeLockSuspendBlocker=true
04-19 15:54:00.003   576   576 D PowerManagerService: updateSuspendBlockerLocked mWakefulness=1,needWakeLockSuspendBlocker=false
04-19 15:54:00.855   328   554 I audio_hw_primary: alsa format =0x1 delay frames =1536 total frames=84480000
04-19 15:54:00.858   328   554 I audio_hw_primary: alsa format =0x9000000 delay frames =1408 total frames=84480000
04-19 15:54:02.642   576   655 E WifiVendorHal: getWifiLinkLayerStats_1_3_Internal(l.978) failed {.code = ERROR_UNKNOWN, .description = unknown error}
04-19 15:54:05.656   576   655 E WifiVendorHal: getWifiLinkLayerStats_1_3_Internal(l.978) failed {.code = ERROR_UNKNOWN, .description = unknown error}
04-19 15:54:06.189   328   554 I audio_hw_primary: alsa format =0x1 delay frames =1536 total frames=84736000
04-19 15:54:06.683  1123  1123 W ThreadPoolForeg: type=1400 audit(0.0:326): avc: denied { write } for name="traced_producer" dev="tmpfs" ino=14513 scontext=u:r:gmscore_app:s0:c512,c768 tcontext=u:object_r:traced_producer_socket:s0 tclass=sock_file permissive=0 app=com.google.android.gms
04-19 15:54:08.671   576   655 E WifiVendorHal: getWifiLinkLayerStats_1_3_Internal(l.978) failed {.code = ERROR_UNKNOWN, .description = unknown error}
04-19 15:54:08.896  2109  2109 I cast_shell: [0419/155408.896412:INFO:service_base.h(78)] Size of the map for type AuthTokenResponse is 0
04-19 15:54:08.990  2109  2109 I cast_shell: [0419/155408.990249:INFO:service_base.h(246)] Container sizes for type CloudSetting are (session_info_map: 0), (topic_info_map: 21), (pending_events: 0).
04-19 15:54:08.990  2109  2109 I cast_shell: [0419/155408.990512:INFO:metrics_stat_logger.cc(38)] Metrics stat for the past 60 secs : total=2
04-19 15:54:08.990  2109  2109 I cast_shell: [metrics_stat_logger] Cast.Discovery.Mdns.Request.In=2
04-19 15:54:08.990  2109  2109 I cast_shell: [metrics_stat_logger] Cast.Discovery.Mdns.Response.Out=2
04-19 15:54:09.232  2109  2424 I cast_shell: [0419/155409.232754:INFO:mdns_app_filter.cc(3550)] Mdns cast queries recently sent: queries=1
04-19 15:54:11.522   328   554 I audio_hw_primary: alsa format =0x1 delay frames =1536 total frames=84992000
04-19 15:54:11.684   576   655 E WifiVendorHal: getWifiLinkLayerStats_1_3_Internal(l.978) failed {.code = ERROR_UNKNOWN, .description = unknown error}
04-19 15:54:14.700   576   655 E WifiVendorHal: getWifiLinkLayerStats_1_3_Internal(l.978) failed {.code = ERROR_UNKNOWN, .description = unknown error}
04-19 15:54:14.995  1414  1414 W ThreadPoolForeg: type=1400 audit(0.0:327): avc: denied { write } for name="traced_producer" dev="tmpfs" ino=14513 scontext=u:r:gmscore_app:s0:c512,c768 tcontext=u:object_r:traced_producer_socket:s0 tclass=sock_file permissive=0 app=com.google.android.gms
04-19 15:54:15.000  2109  2484 I cast_shell: [0419/155415.000868:INFO:ssdp_device.c(101)] SSDP packets sent for 77 seconds = 3
04-19 15:54:16.856   328   554 I audio_hw_primary: alsa format =0x1 delay frames =1536 total frames=85248000
04-19 15:54:17.725   576   655 E WifiVendorHal: getWifiLinkLayerStats_1_3_Internal(l.978) failed {.code = ERROR_UNKNOWN, .description = unknown error}
04-19 15:54:20.749   576   655 E WifiVendorHal: getWifiLinkLayerStats_1_3_Internal(l.978) failed {.code = ERROR_UNKNOWN, .description = unknown error}
04-19 15:54:22.189   328   554 I audio_hw_primary: alsa format =0x1 delay frames =1536 total frames=85504000
04-19 15:54:23.772   576   655 E WifiVendorHal: getWifiLinkLayerStats_1_3_Internal(l.978) failed {.code = ERROR_UNKNOWN, .description = unknown error}
04-19 15:54:26.544   576  1333 D PowerManagerService: updateSuspendBlockerLocked mWakefulness=1,needWakeLockSuspendBlocker=true
04-19 15:54:26.545   576  1333 D PowerManagerService: updateSuspendBlockerLocked mWakefulness=1,needWakeLockSuspendBlocker=false
04-19 15:54:26.599   222   222 I hwservicemanager: getTransport: Cannot find entry android.hardware.power.stats@1.0::IPowerStats/default in either framework or device manifest.
04-19 15:54:26.601   222   222 I hwservicemanager: getTransport: Cannot find entry android.hardware.power@1.0::IPower/default in either framework or device manifest.
04-19 15:54:26.602   576   611 E BatteryStatsService: Unable to load Power Hal or power.stats HAL
04-19 15:54:26.602   576   611 D KernelCpuUidUserSysTimeReader: Removing uids 1037-1037
04-19 15:54:26.603   576   611 D KernelCpuUidUserSysTimeReader: Removing uids 99000-99000
04-19 15:54:26.603   576   611 D KernelCpuUidUserSysTimeReader: Removing uids 99001-99001
04-19 15:54:26.797   576   655 E WifiVendorHal: getWifiLinkLayerStats_1_3_Internal(l.978) failed {.code = ERROR_UNKNOWN, .description = unknown error}
04-19 15:54:27.523   328   554 I audio_hw_primary: alsa format =0x1 delay frames =1536 total frames=85760000
04-19 15:54:29.820   576   655 E WifiVendorHal: getWifiLinkLayerStats_1_3_Internal(l.978) failed {.code = ERROR_UNKNOWN, .description = unknown error}
04-19 15:54:32.844   576   655 E WifiVendorHal: getWifiLinkLayerStats_1_3_Internal(l.978) failed {.code = ERROR_UNKNOWN, .description = unknown error}
04-19 15:54:32.856   328   554 I audio_hw_primary: alsa format =0x1 delay frames =1536 total frames=86016000
04-19 15:54:32.859   328   554 I audio_hw_primary: alsa format =0x9000000 delay frames =1280 total frames=86016000
04-19 15:54:35.858   576   655 E WifiVendorHal: getWifiLinkLayerStats_1_3_Internal(l.978) failed {.code = ERROR_UNKNOWN, .description = unknown error}
04-19 15:54:36.687  1123  1123 W ThreadPoolForeg: type=1400 audit(0.0:328): avc: denied { write } for name="traced_producer" dev="tmpfs" ino=14513 scontext=u:r:gmscore_app:s0:c512,c768 tcontext=u:object_r:traced_producer_socket:s0 tclass=sock_file permissive=0 app=com.google.android.gms
04-19 15:54:38.189   328   554 I audio_hw_primary: alsa format =0x1 delay frames =1536 total frames=86272000
04-19 15:54:38.871   576   655 E WifiVendorHal: getWifiLinkLayerStats_1_3_Internal(l.978) failed {.code = ERROR_UNKNOWN, .description = unknown error}
04-19 15:54:41.884   576   655 E WifiVendorHal: getWifiLinkLayerStats_1_3_Internal(l.978) failed {.code = ERROR_UNKNOWN, .description = unknown error}
04-19 15:54:43.522   328   554 I audio_hw_primary: alsa format =0x1 delay frames =1536 total frames=86528000
04-19 15:54:44.899   576   655 E WifiVendorHal: getWifiLinkLayerStats_1_3_Internal(l.978) failed {.code = ERROR_UNKNOWN, .description = unknown error}
04-19 15:54:44.999  1414  1414 W ThreadPoolForeg: type=1400 audit(0.0:329): avc: denied { write } for name="traced_producer" dev="tmpfs" ino=14513 scontext=u:r:gmscore_app:s0:c512,c768 tcontext=u:object_r:traced_producer_socket:s0 tclass=sock_file permissive=0 app=com.google.android.gms
04-19 15:54:47.923   576   655 E WifiVendorHal: getWifiLinkLayerStats_1_3_Internal(l.978) failed {.code = ERROR_UNKNOWN, .description = unknown error}
04-19 15:54:48.855   328   554 I audio_hw_primary: alsa format =0x1 delay frames =1536 total frames=86784000
04-19 15:54:50.947   576   655 E WifiVendorHal: getWifiLinkLayerStats_1_3_Internal(l.978) failed {.code = ERROR_UNKNOWN, .description = unknown error}
04-19 15:54:53.976   576   655 E WifiVendorHal: getWifiLinkLayerStats_1_3_Internal(l.978) failed {.code = ERROR_UNKNOWN, .description = unknown error}
04-19 15:54:54.190   328   554 I audio_hw_primary: alsa format =0x1 delay frames =1536 total frames=87040000
04-19 15:54:57.002   576   655 E WifiVendorHal: getWifiLinkLayerStats_1_3_Internal(l.978) failed {.code = ERROR_UNKNOWN, .description = unknown error}
04-19 15:54:57.040  2109  2484 I cast_shell: [0419/155457.040782:INFO:ssdp_device.c(101)] SSDP packets sent for 42 seconds = 2
04-19 15:54:59.523   328   554 I audio_hw_primary: alsa format =0x1 delay frames =1536 total frames=87296000
04-19 15:55:00.000   576   642 D PowerManagerService: updateSuspendBlockerLocked mWakefulness=1,needWakeLockSuspendBlocker=true
04-19 15:55:00.002   576   576 D PowerManagerService: updateSuspendBlockerLocked mWakefulness=1,needWakeLockSuspendBlocker=false
04-19 15:55:00.028   576   655 E WifiVendorHal: getWifiLinkLayerStats_1_3_Internal(l.978) failed {.code = ERROR_UNKNOWN, .description = unknown error}
04-19 15:55:02.369  1294  1612 I katniss_interactor_KatnissVoiceInteractionServicePeer: #startPeriodicMirrorTask succeeded
04-19 15:55:03.031  2109  2424 I cast_shell: [0419/155503.031887:INFO:mdns_app_filter.cc(3358)] MdnsAppFilter: responses sent in 96 seconds: 3
04-19 15:55:03.040   576   655 E WifiVendorHal: getWifiLinkLayerStats_1_3_Internal(l.978) failed {.code = ERROR_UNKNOWN, .description = unknown error}
04-19 15:55:04.478   576   642 D PowerManagerService: updateSuspendBlockerLocked mWakefulness=1,needWakeLockSuspendBlocker=true
04-19 15:55:04.483   699   699 W wpa_supplicant: type=1400 audit(0.0:330): avc: denied { read } for name="u:object_r:wifi_prop:s0" dev="tmpfs" ino=390 scontext=u:r:hal_wifi_supplicant_default:s0 tcontext=u:object_r:wifi_prop:s0 tclass=file permissive=0
04-19 15:55:04.484   576  1166 D PowerManagerService: updateSuspendBlockerLocked mWakefulness=1,needWakeLockSuspendBlocker=false
04-19 15:55:04.489   699   699 E libc    : Access denied finding property "wlan.wifi_chip"
04-19 15:55:04.493   699   699 E wpa_supplicant: To call wpa_driver_nl80211_driver_cmd_mtk func!
04-19 15:55:04.498   576   655 E WifiVendorHal: getWifiLinkLayerStats_1_3_Internal(l.978) failed {.code = ERROR_UNKNOWN, .description = unknown error}
04-19 15:55:04.502   576  1166 D DhcpClient: Unicasting DHCPREQUEST ciaddr=192.168.1.67 request=0.0.0.0 serverid=null to /192.168.1.1:67
04-19 15:55:04.512   576  1166 D DhcpClient: Received packet: 52:3c:05:98:27:87 ACK: your new IP /192.168.1.67, netmask /255.255.255.0, gateways [/192.168.1.1] DNS servers: /192.168.1.1 , lease time 3600
04-19 15:55:04.513   576  1166 D DhcpClient: Renewed lease: android.net.networkstack.DhcpResults@d10d288 DHCP server /192.168.1.1 Vendor info null lease 3600 seconds Servername 
04-19 15:55:04.515   699   699 W wpa_supplicant: type=1400 audit(0.0:331): avc: denied { read } for name="u:object_r:wifi_prop:s0" dev="tmpfs" ino=390 scontext=u:r:hal_wifi_supplicant_default:s0 tcontext=u:object_r:wifi_prop:s0 tclass=file permissive=0
04-19 15:55:04.519   576  1166 D DhcpClient: Scheduling renewal in 1799s
04-19 15:55:04.519   576  1166 D DhcpClient: Scheduling rebind in 3149s
04-19 15:55:04.519   576  1166 D DhcpClient: Scheduling expiry in 3599s
04-19 15:55:04.522   699   699 E libc    : Access denied finding property "wlan.wifi_chip"
04-19 15:55:04.522   699   699 E wpa_supplicant: To call wpa_driver_nl80211_driver_cmd_mtk func!
04-19 15:55:04.856   328   554 I audio_hw_primary: alsa format =0x1 delay frames =1536 total frames=87552000
04-19 15:55:04.859   328   554 I audio_hw_primary: alsa format =0x9000000 delay frames =1280 total frames=87552000
04-19 15:55:06.053   576   655 E WifiVendorHal: getWifiLinkLayerStats_1_3_Internal(l.978) failed {.code = ERROR_UNKNOWN, .description = unknown error}
04-19 15:55:06.540  1294  2170 W native  : W0000 00:00:1776603306.539938    2170 publisher.cc:36] [FTL] No subscribers for event "hvc.api.events.MetricEvent" from publisher "UmaMetricsForwarder"
04-19 15:55:06.703  1123  1123 W ThreadPoolForeg: type=1400 audit(0.0:332): avc: denied { write } for name="traced_producer" dev="tmpfs" ino=14513 scontext=u:r:gmscore_app:s0:c512,c768 tcontext=u:object_r:traced_producer_socket:s0 tclass=sock_file permissive=0 app=com.google.android.gms
04-19 15:55:08.313  2109  2109 I cast_shell: [0419/155508.313038:INFO:grpc_manager_impl.cc(881)] GRPC[uri=localhost:10042]: num_pending_calls=0, num_active_handlers=1, num_free_handlers=0
04-19 15:55:08.313  2109  2109 I cast_shell: [0419/155508.313872:INFO:grpc_manager_impl.cc(881)] GRPC[uri=localhost:10042]: num_pending_calls=0, num_active_handlers=1, num_free_handlers=0
04-19 15:55:08.460  2109  2109 I cast_shell: [0419/155508.460717:INFO:grpc_manager_impl.cc(881)] GRPC[uri=]: num_pending_calls=0, num_active_handlers=0, num_free_handlers=0
04-19 15:55:08.461  2109  2109 I cast_shell: [0419/155508.461075:INFO:grpc_manager_impl.cc(881)] GRPC[uri=]: num_pending_calls=0, num_active_handlers=0, num_free_handlers=0
04-19 15:55:08.629  2109  2109 I cast_shell: [0419/155508.629255:INFO:grpc_manager_impl.cc(881)] GRPC[uri=[::]:0]: num_pending_calls=0, num_active_handlers=4, num_free_handlers=0
04-19 15:55:08.896  2109  2109 I cast_shell: [0419/155508.896764:INFO:service_base.h(78)] Size of the map for type AuthTokenResponse is 0
04-19 15:55:08.990  2109  2109 I cast_shell: [0419/155508.990600:INFO:service_base.h(246)] Container sizes for type CloudSetting are (session_info_map: 0), (topic_info_map: 21), (pending_events: 0).
04-19 15:55:08.991  2109  2109 I cast_shell: [0419/155508.991038:INFO:metrics_stat_logger.cc(38)] Metrics stat for the past 60 secs : total=5
04-19 15:55:08.991  2109  2109 I cast_shell: [metrics_stat_logger] Cast.Discovery.Mdns.Query.Cast.Count=1
04-19 15:55:08.991  2109  2109 I cast_shell: [metrics_stat_logger] Cast.Discovery.Mdns.Request.In=2
04-19 15:55:08.991  2109  2109 I cast_shell: [metrics_stat_logger] Cast.Discovery.Mdns.Response.Out=2
04-19 15:55:08.991  2109  2109 I cast_shell: [metrics_stat_logger] Dial.SsdpDeviceDesc.Linux=2
04-19 15:55:08.991  2109  2109 I cast_shell: [metrics_stat_logger] Dial.SsdpDeviceDesc.Linux.200=2
04-19 15:55:09.069   576   655 E WifiVendorHal: getWifiLinkLayerStats_1_3_Internal(l.978) failed {.code = ERROR_UNKNOWN, .description = unknown error}
04-19 15:55:09.233  2109  2424 I cast_shell: [0419/155509.233843:INFO:mdns_app_filter.cc(3550)] Mdns cast queries recently sent: queries=1
04-19 15:55:10.189   328   554 I audio_hw_primary: alsa format =0x1 delay frames =1536 total frames=87808000
04-19 15:55:10.904  2109  2281 I DrmUtils: found android.hardware.drm@1.0::IDrmFactory clearkey
04-19 15:55:10.906  2109  2281 I DrmUtils: found android.hardware.drm@1.0::IDrmFactory netflix
04-19 15:55:10.909  2109  2281 I DrmUtils: found android.hardware.drm@1.0::IDrmFactory playready
04-19 15:55:10.911  2109  2281 I DrmUtils: found android.hardware.drm@1.0::IDrmFactory widevine
04-19 15:55:10.915  2109  2281 I DrmUtils: found android.hardware.drm@1.1::IDrmFactory clearkey
04-19 15:55:10.916  2109  2281 I DrmUtils: found android.hardware.drm@1.1::IDrmFactory netflix
04-19 15:55:10.916  2109  2281 I DrmUtils: found android.hardware.drm@1.1::IDrmFactory playready
04-19 15:55:10.917  2109  2281 I DrmUtils: found android.hardware.drm@1.1::IDrmFactory widevine
04-19 15:55:10.923  2109  2281 I DrmUtils: found android.hardware.drm@1.2::IDrmFactory clearkey
04-19 15:55:10.923  2109  2281 I DrmUtils: found android.hardware.drm@1.2::IDrmFactory netflix
04-19 15:55:10.924  2109  2281 I DrmUtils: found android.hardware.drm@1.2::IDrmFactory playready
04-19 15:55:10.925  2109  2281 I DrmUtils: found android.hardware.drm@1.2::IDrmFactory widevine
04-19 15:55:10.927  2109  2281 I DrmUtils: found android.hardware.drm@1.3::IDrmFactory clearkey
04-19 15:55:10.928  2109  2281 I DrmUtils: found android.hardware.drm@1.3::IDrmFactory netflix
04-19 15:55:10.929  2109  2281 I DrmUtils: found android.hardware.drm@1.3::IDrmFactory playready
04-19 15:55:10.929  2109  2281 I DrmUtils: found android.hardware.drm@1.3::IDrmFactory widevine
04-19 15:55:10.937   335  2506 I WVCdm   : [app][com.google.android.apps.mediashell] calling virtual Return<void> wvdrm::hardware::drm::V1_3::widevine::WVDrmFactory::createPlugin(const hidl_array<uint8_t, 16> &, const android::hardware::hidl_string &, android::hardware::drm::V1_3::IDrmFactory::createPlugin_cb)
04-19 15:55:10.946   335  2506 I WVCdm   : [cdm_engine.cpp(573):QueryStatus] Querying status
04-19 15:55:10.949   335  2506 D WVCdm   : [crypto_session.cpp(805):Open] Opening crypto session: requested_security_level = Default
04-19 15:55:10.954   335  2506 I WVCdm   : [file_utils.cpp(40):Exists] stat failed: ENOENT
04-19 15:55:10.958   335  2506 I WVCdm   : [file_utils.cpp(40):Exists] stat failed: ENOENT
04-19 15:55:10.962   335  2506 I WVCdm   : [cdm_engine.cpp(115):OpenSession] Opening session
04-19 15:55:10.963   335  2506 D WVCdm   : [crypto_session.cpp(805):Open] Opening crypto session: requested_security_level = Default
04-19 15:55:10.963   335  2506 I WVCdm   : [file_utils.cpp(40):Exists] stat failed: ENOENT
04-19 15:55:10.975   335  2506 I WVCdm   : [file_utils.cpp(40):Exists] stat failed: ENOENT
04-19 15:55:10.975   335  2506 I WVCdm   : [cdm_engine.cpp(194):OpenSession] New session ID: sid13
04-19 15:55:10.975   335  2506 I WVCdm   : [cdm_engine.cpp(925):QueryOemCryptoSessionId] Querying OEMCrypto Session ID: session_id = sid13
04-19 15:55:10.980  2109  2281 I cast_shell: [0419/155510.980351:INFO:jni_client_auth_creds_mediadrm.cc(301)] Cast: signing message with length 51
04-19 15:55:11.018   335  2506 I WVCdm   : [cdm_engine.cpp(240):CloseSession] Closing session: session_id = sid13
04-19 15:55:11.025  2109  2109 I cast_shell: [0419/155511.024553:INFO:application_identification_settings.cc(1079)] CreateJwt completed; running all done signing callbacks.
04-19 15:55:11.025  2109  2109 I cast_shell: [0419/155511.025474:INFO:robot_account_auth_manager.cc(475)] JWT expiry in 3599 seconds
04-19 15:55:11.785   576   642 D PowerManagerService: updateSuspendBlockerLocked mWakefulness=1,needWakeLockSuspendBlocker=true
04-19 15:55:11.792   342   342 D memtrack_aml: sysfs path
04-19 15:55:11.796   576  1333 D PowerManagerService: updateSuspendBlockerLocked mWakefulness=1,needWakeLockSuspendBlocker=true
04-19 15:55:11.801   576   576 D PowerManagerService: updateSuspendBlockerLocked mWakefulness=1,needWakeLockSuspendBlocker=true
04-19 15:55:11.813   576  1333 D PowerManagerService: updateSuspendBlockerLocked mWakefulness=1,needWakeLockSuspendBlocker=true
04-19 15:55:11.848   576  1333 I chatty  : uid=1000(system) Binder:576_B identical 2 lines
04-19 15:55:11.854   576  1333 D PowerManagerService: updateSuspendBlockerLocked mWakefulness=1,needWakeLockSuspendBlocker=true
04-19 15:55:11.866     0     0 I         : [ 1845.309760@1]  show_ctx_mem_pool_size
04-19 15:55:11.866     0     0 I [ 1845.382180@1]  [wlan][571]aisFsmSteps: (AIS STATE) [AIS]TRANSITION: [NORMAL_TR] -> [ONLINE_SCAN]
04-19 15:55:11.866     0     0 I [ 1845.382207@1]  [wlan][571]scnFsmSteps: (SCN STATE) [SCAN]TRANSITION: [IDLE] -> [SCANNING]
04-19 15:55:11.894     0     0 I         : [ 1845.406467@3]  [TEE] E/TA:   _oecc104:1063 Unexpected provisioning method = 2.
04-19 15:55:12.086   576   655 E WifiVendorHal: getWifiLinkLayerStats_1_3_Internal(l.978) failed {.code = ERROR_UNKNOWN, .description = unknown error}
04-19 15:55:12.708  1294  1633 I katniss_interactor_KatnissAccountManagerImpl: Retrieved 1 Google account from GMS.
04-19 15:55:12.709  1294  1633 I katniss_interactor_GlobalAccountsAccessor: Writing 1 accounts
04-19 15:55:12.718  1294  1633 I katniss_interactor_TokenFetcherImpl: #fetchToken
04-19 15:55:12.720  1294  5287 I katniss_interactor_MigrationUtils: Using GoogleAuthUtil for getToken for 1p app: com.google.android.katniss [CONTEXT service_id=343 ]
04-19 15:55:12.954     0     0 I [ 1846.470046@1]  [wlan][571]rlmModifyVhtBwPara: (RLM WARN) S1=42, S2=50
04-19 15:55:12.954     0     0 I [ 1846.470074@1]  [wlan][571]rlmModifyVhtBwPara: (RLM WARN) [BW160][new spec] S1 change to 50
04-19 15:55:12.954     0     0 I [ 1846.470120@1]  [wlan][571]rlmModifyVhtBwPara: (RLM WARN) S1=42, S2=50
04-19 15:55:12.954     0     0 I [ 1846.470134@1]  [wlan][571]rlmModifyVhtBwPara: (RLM WARN) [BW160][new spec] S1 change to 50
04-19 15:55:12.958     0     0 I [ 1846.474037@1]  [wlan][571]rlmModifyVhtBwPara: (RLM WARN) S1=42, S2=50
04-19 15:55:12.958     0     0 I [ 1846.474060@1]  [wlan][571]rlmModifyVhtBwPara: (RLM WARN) [BW160][new spec] S1 change to 50
04-19 15:55:12.958     0     0 I [ 1846.474166@1]  [wlan][571]rlmModifyVhtBwPara: (RLM WARN) S1=42, S2=50
04-19 15:55:12.958     0     0 I [ 1846.474181@1]  [wlan][571]rlmModifyVhtBwPara: (RLM WARN) [BW160][new spec] S1 change to 50
04-19 15:55:12.970     0     0 I [ 1846.485471@1]  [wlan][571]rlmModifyVhtBwPara: (RLM WARN) S1=42, S2=50
04-19 15:55:12.970     0     0 I [ 1846.485489@1]  [wlan][571]rlmModifyVhtBwPara: (RLM WARN) [BW160][new spec] S1 change to 50
04-19 15:55:12.974     0     0 I [ 1846.489413@1]  [wlan][571]rlmModifyVhtBwPara: (RLM WARN) S1=42, S2=50
04-19 15:55:12.974     0     0 I [ 1846.489427@1]  [wlan][571]rlmModifyVhtBwPara: (RLM WARN) [BW160][new spec] S1 change to 50
04-19 15:55:12.978     0     0 I [ 1846.494009@1]  [wlan][571]rlmModifyVhtBwPara: (RLM WARN) S1=42, S2=50
04-19 15:55:12.978     0     0 I [ 1846.494024@1]  [wlan][571]rlmModifyVhtBwPara: (RLM WARN) [BW160][new spec] S1 change to 50
04-19 15:55:12.982     0     0 I [ 1846.497698@1]  [wlan][571]rlmModifyVhtBwPara: (RLM WARN) S1=42, S2=50
04-19 15:55:12.982     0     0 I [ 1846.497708@1]  [wlan][571]rlmModifyVhtBwPara: (RLM WARN) [BW160][new spec] S1 change to 50
04-19 15:55:13.217   576  3537 D WifiNl80211Manager: Scan result ready event
04-19 15:55:13.217   576  3537 D WifiNative: Scan result ready event
04-19 15:55:13.218   576   593 I EthernetTracker: interfaceLinkStateChanged, iface: wlan0, up: true
04-19 15:55:13.220     0     0 I [ 1846.732897@1]  [wlan][571]scnFsmSteps: (SCN STATE) [SCAN]TRANSITION: [SCANNING] -> [IDLE]
04-19 15:55:13.220     0     0 I [ 1846.733062@1]  [wlan][571]aisFsmSteps: (AIS STATE) [AIS]TRANSITION: [ONLINE_SCAN] -> [NORMAL_TR]
04-19 15:55:13.246   576   655 E WifiVendorHal: getWifiLinkLayerStats_1_3_Internal(l.978) failed {.code = ERROR_UNKNOWN, .description = unknown error}
04-19 15:55:14.131   576  2290 D PowerManagerService: updateSuspendBlockerLocked mWakefulness=1,needWakeLockSuspendBlocker=false
04-19 15:55:14.443   576  2290 D PowerManagerService: updateSuspendBlockerLocked mWakefulness=1,needWakeLockSuspendBlocker=true
04-19 15:55:14.460   576  2290 I chatty  : uid=1000(system) Binder:576_17 identical 1 line
04-19 15:55:14.468  1294  5287 I katniss_interactor_MigrationUtils: Using GoogleAuthUtil for getToken for 1p app: com.google.android.katniss [CONTEXT service_id=343 ]
04-19 15:55:14.469   576  2290 D PowerManagerService: updateSuspendBlockerLocked mWakefulness=1,needWakeLockSuspendBlocker=true
04-19 15:55:14.470   576  1333 D PowerManagerService: updateSuspendBlockerLocked mWakefulness=1,needWakeLockSuspendBlocker=true
04-19 15:55:14.474  1123  5266 I AlarmManager: setExactAndAllowWhileIdle [name: GCM_HB_ALARM type: 2 triggerAtMillis: 2987988]
04-19 15:55:14.475  1123  1926 W TrustedTimeHelper: TrustedTime initialization task failed
04-19 15:55:14.475  1123  1926 W TrustedTimeHelper: ahas: 17: API: TrustedTime.API is not available on this device. Connection failed with: ConnectionResult{statusCode=API_UNAVAILABLE, resolution=null, message=null, clientMethodKey=null}
04-19 15:55:14.475  1123  1926 W TrustedTimeHelper: 	at ahxe.a(:com.google.android.gms@261332118@26.13.32 (180300-895912391):15)
04-19 15:55:14.475  1123  1926 W TrustedTimeHelper: 	at ahcn.a(:com.google.android.gms@261332118@26.13.32 (180300-895912391):1)
04-19 15:55:14.475  1123  1926 W TrustedTimeHelper: 	at ahck.c(:com.google.android.gms@261332118@26.13.32 (180300-895912391):5)
04-19 15:55:14.475  1123  1926 W TrustedTimeHelper: 	at ahez.t(:com.google.android.gms@261332118@26.13.32 (180300-895912391):48)
04-19 15:55:14.475  1123  1926 W TrustedTimeHelper: 	at ahez.f(:com.google.android.gms@261332118@26.13.32 (180300-895912391):10)
04-19 15:55:14.475  1123  1926 W TrustedTimeHelper: 	at ahez.i(:com.google.android.gms@261332118@26.13.32 (180300-895912391):191)
04-19 15:55:14.475  1123  1926 W TrustedTimeHelper: 	at ahez.m(:com.google.android.gms@261332118@26.13.32 (180300-895912391):2)
04-19 15:55:14.475  1123  1926 W TrustedTimeHelper: 	at ahfb.run(:com.google.android.gms@261332118@26.13.32 (180300-895912391):80)
04-19 15:55:14.475  1123  1926 W TrustedTimeHelper: 	at android.os.Handler.handleCallback(Handler.java:938)
04-19 15:55:14.475  1123  1926 W TrustedTimeHelper: 	at android.os.Handler.dispatchMessage(Handler.java:99)
04-19 15:55:14.475  1123  1926 W TrustedTimeHelper: 	at bchj.ih(:com.google.android.gms@261332118@26.13.32 (180300-895912391):1)
04-19 15:55:14.475  1123  1926 W TrustedTimeHelper: 	at bchj.dispatchMessage(:com.google.android.gms@261332118@26.13.32 (180300-895912391):140)
04-19 15:55:14.475  1123  1926 W TrustedTimeHelper: 	at android.os.Looper.loop(Looper.java:223)
04-19 15:55:14.475  1123  1926 W TrustedTimeHelper: 	at android.os.HandlerThread.run(HandlerThread.java:67)
04-19 15:55:14.486   576  2290 D PowerManagerService: updateSuspendBlockerLocked mWakefulness=1,needWakeLockSuspendBlocker=true
04-19 15:55:14.492  1123  1926 I FrewleMiniCache: (REDACTED) lookupMacEntries: %s MACs queried, %s informative APs, %s in cache
04-19 15:55:14.511  1123  1926 W TrustedTimeHelper: TrustedTime initialization task failed
04-19 15:55:14.511  1123  1926 W TrustedTimeHelper: ahas: 17: API: TrustedTime.API is not available on this device. Connection failed with: ConnectionResult{statusCode=API_UNAVAILABLE, resolution=null, message=null, clientMethodKey=null}
04-19 15:55:14.511  1123  1926 W TrustedTimeHelper: 	at ahxe.a(:com.google.android.gms@261332118@26.13.32 (180300-895912391):15)
04-19 15:55:14.511  1123  1926 W TrustedTimeHelper: 	at ahcn.a(:com.google.android.gms@261332118@26.13.32 (180300-895912391):1)
04-19 15:55:14.511  1123  1926 W TrustedTimeHelper: 	at ahck.c(:com.google.android.gms@261332118@26.13.32 (180300-895912391):5)
04-19 15:55:14.511  1123  1926 W TrustedTimeHelper: 	at ahez.t(:com.google.android.gms@261332118@26.13.32 (180300-895912391):48)
04-19 15:55:14.511  1123  1926 W TrustedTimeHelper: 	at ahez.f(:com.google.android.gms@261332118@26.13.32 (180300-895912391):10)
04-19 15:55:14.511  1123  1926 W TrustedTimeHelper: 	at ahez.i(:com.google.android.gms@261332118@26.13.32 (180300-895912391):191)
04-19 15:55:14.511  1123  1926 W TrustedTimeHelper: 	at ahez.m(:com.google.android.gms@261332118@26.13.32 (180300-895912391):2)
04-19 15:55:14.511  1123  1926 W TrustedTimeHelper: 	at ahfb.run(:com.google.android.gms@261332118@26.13.32 (180300-895912391):80)
04-19 15:55:14.511  1123  1926 W TrustedTimeHelper: 	at android.os.Handler.handleCallback(Handler.java:938)
04-19 15:55:14.511  1123  1926 W TrustedTimeHelper: 	at android.os.Handler.dispatchMessage(Handler.java:99)
04-19 15:55:14.511  1123  1926 W TrustedTimeHelper: 	at bchj.ih(:com.google.android.gms@261332118@26.13.32 (180300-895912391):1)
04-19 15:55:14.511  1123  1926 W TrustedTimeHelper: 	at bchj.dispatchMessage(:com.google.android.gms@261332118@26.13.32 (180300-895912391):140)
04-19 15:55:14.511  1123  1926 W TrustedTimeHelper: 	at android.os.Looper.loop(Looper.java:223)
04-19 15:55:14.511  1123  1926 W TrustedTimeHelper: 	at android.os.HandlerThread.run(HandlerThread.java:67)
04-19 15:55:14.833  1123  1926 I chatty  : uid=10045(com.google.android.gms) GoogleLocationS identical 5 lines
04-19 15:55:14.833  1123  1926 W TrustedTimeHelper: TrustedTime initialization task failed
04-19 15:55:14.833  1123  1926 W TrustedTimeHelper: ahas: 17: API: TrustedTime.API is not available on this device. Connection failed with: ConnectionResult{statusCode=API_UNAVAILABLE, resolution=null, message=null, clientMethodKey=null}
04-19 15:55:14.833  1123  1926 W TrustedTimeHelper: 	at ahxe.a(:com.google.android.gms@261332118@26.13.32 (180300-895912391):15)
04-19 15:55:14.833  1123  1926 W TrustedTimeHelper: 	at ahcn.a(:com.google.android.gms@261332118@26.13.32 (180300-895912391):1)
04-19 15:55:14.833  1123  1926 W TrustedTimeHelper: 	at ahck.c(:com.google.android.gms@261332118@26.13.32 (180300-895912391):5)
04-19 15:55:14.833  1123  1926 W TrustedTimeHelper: 	at ahez.t(:com.google.android.gms@261332118@26.13.32 (180300-895912391):48)
04-19 15:55:14.833  1123  1926 W TrustedTimeHelper: 	at ahez.f(:com.google.android.gms@261332118@26.13.32 (180300-895912391):10)
04-19 15:55:14.833  1123  1926 W TrustedTimeHelper: 	at ahez.i(:com.google.android.gms@261332118@26.13.32 (180300-895912391):191)
04-19 15:55:14.833  1123  1926 W TrustedTimeHelper: 	at ahez.m(:com.google.android.gms@261332118@26.13.32 (180300-895912391):2)
04-19 15:55:14.833  1123  1926 W TrustedTimeHelper: 	at ahfb.run(:com.google.android.gms@261332118@26.13.32 (180300-895912391):80)
04-19 15:55:14.833  1123  1926 W TrustedTimeHelper: 	at android.os.Handler.handleCallback(Handler.java:938)
04-19 15:55:14.833  1123  1926 W TrustedTimeHelper: 	at android.os.Handler.dispatchMessage(Handler.java:99)
04-19 15:55:14.833  1123  1926 W TrustedTimeHelper: 	at bchj.ih(:com.google.android.gms@261332118@26.13.32 (180300-895912391):1)
04-19 15:55:14.833  1123  1926 W TrustedTimeHelper: 	at bchj.dispatchMessage(:com.google.android.gms@261332118@26.13.32 (180300-895912391):140)
04-19 15:55:14.833  1123  1926 W TrustedTimeHelper: 	at android.os.Looper.loop(Looper.java:223)
04-19 15:55:14.833  1123  1926 W TrustedTimeHelper: 	at android.os.HandlerThread.run(HandlerThread.java:67)
04-19 15:55:14.843  1123  5284 W ChimeraUtils: Module com.google.android.gms.gcm missing resource null(0)
04-19 15:55:14.846  1123  1926 W TrustedTimeHelper: TrustedTime initialization task failed
04-19 15:55:14.846  1123  1926 W TrustedTimeHelper: ahas: 17: API: TrustedTime.API is not available on this device. Connection failed with: ConnectionResult{statusCode=API_UNAVAILABLE, resolution=null, message=null, clientMethodKey=null}
04-19 15:55:14.846  1123  1926 W TrustedTimeHelper: 	at ahxe.a(:com.google.android.gms@261332118@26.13.32 (180300-895912391):15)
04-19 15:55:14.846  1123  1926 W TrustedTimeHelper: 	at ahcn.a(:com.google.android.gms@261332118@26.13.32 (180300-895912391):1)
04-19 15:55:14.846  1123  1926 W TrustedTimeHelper: 	at ahck.c(:com.google.android.gms@261332118@26.13.32 (180300-895912391):5)
04-19 15:55:14.846  1123  1926 W TrustedTimeHelper: 	at ahez.t(:com.google.android.gms@261332118@26.13.32 (180300-895912391):48)
04-19 15:55:14.846  1123  1926 W TrustedTimeHelper: 	at ahez.f(:com.google.android.gms@261332118@26.13.32 (180300-895912391):10)
04-19 15:55:14.846  1123  1926 W TrustedTimeHelper: 	at ahez.i(:com.google.android.gms@261332118@26.13.32 (180300-895912391):191)
04-19 15:55:14.846  1123  1926 W TrustedTimeHelper: 	at ahez.m(:com.google.android.gms@261332118@26.13.32 (180300-895912391):2)
04-19 15:55:14.846  1123  1926 W TrustedTimeHelper: 	at ahfb.run(:com.google.android.gms@261332118@26.13.32 (180300-895912391):80)
04-19 15:55:14.846  1123  1926 W TrustedTimeHelper: 	at android.os.Handler.handleCallback(Handler.java:938)
04-19 15:55:14.846  1123  1926 W TrustedTimeHelper: 	at android.os.Handler.dispatchMessage(Handler.java:99)
04-19 15:55:14.846  1123  1926 W TrustedTimeHelper: 	at bchj.ih(:com.google.android.gms@261332118@26.13.32 (180300-895912391):1)
04-19 15:55:14.846  1123  1926 W TrustedTimeHelper: 	at bchj.dispatchMessage(:com.google.android.gms@261332118@26.13.32 (180300-895912391):140)
04-19 15:55:14.846  1123  1926 W TrustedTimeHelper: 	at android.os.Looper.loop(Looper.java:223)
04-19 15:55:14.846  1123  1926 W TrustedTimeHelper: 	at android.os.HandlerThread.run(HandlerThread.java:67)
04-19 15:55:14.847  1123  1926 I chatty  : uid=10045(com.google.android.gms) GoogleLocationS identical 1 line
04-19 15:55:14.847   576  2290 I chatty  : uid=1000(system) Binder:576_17 identical 2 lines
04-19 15:55:14.851   576  2290 D PowerManagerService: updateSuspendBlockerLocked mWakefulness=1,needWakeLockSuspendBlocker=true
04-19 15:55:14.852   576  1333 D PowerManagerService: updateSuspendBlockerLocked mWakefulness=1,needWakeLockSuspendBlocker=true
04-19 15:55:14.855   576   897 D PowerManagerService: updateSuspendBlockerLocked mWakefulness=1,needWakeLockSuspendBlocker=true
04-19 15:55:14.856   576   897 I chatty  : uid=1000(system) Binder:576_9 identical 1 line
04-19 15:55:14.858   576   897 D PowerManagerService: updateSuspendBlockerLocked mWakefulness=1,needWakeLockSuspendBlocker=true
04-19 15:55:14.860  1123  1926 W TrustedTimeHelper: TrustedTime initialization task failed
04-19 15:55:14.860  1123  1926 W TrustedTimeHelper: ahas: 17: API: TrustedTime.API is not available on this device. Connection failed with: ConnectionResult{statusCode=API_UNAVAILABLE, resolution=null, message=null, clientMethodKey=null}
04-19 15:55:14.860  1123  1926 W TrustedTimeHelper: 	at ahxe.a(:com.google.android.gms@261332118@26.13.32 (180300-895912391):15)
04-19 15:55:14.860  1123  1926 W TrustedTimeHelper: 	at ahcn.a(:com.google.android.gms@261332118@26.13.32 (180300-895912391):1)
04-19 15:55:14.860  1123  1926 W TrustedTimeHelper: 	at ahck.c(:com.google.android.gms@261332118@26.13.32 (180300-895912391):5)
04-19 15:55:14.860  1123  1926 W TrustedTimeHelper: 	at ahez.t(:com.google.android.gms@261332118@26.13.32 (180300-895912391):48)
04-19 15:55:14.860  1123  1926 W TrustedTimeHelper: 	at ahez.f(:com.google.android.gms@261332118@26.13.32 (180300-895912391):10)
04-19 15:55:14.860  1123  1926 W TrustedTimeHelper: 	at ahez.i(:com.google.android.gms@261332118@26.13.32 (180300-895912391):191)
04-19 15:55:14.860  1123  1926 W TrustedTimeHelper: 	at ahez.m(:com.google.android.gms@261332118@26.13.32 (180300-895912391):2)
04-19 15:55:14.860  1123  1926 W TrustedTimeHelper: 	at ahfb.run(:com.google.android.gms@261332118@26.13.32 (180300-895912391):80)
04-19 15:55:14.860  1123  1926 W TrustedTimeHelper: 	at android.os.Handler.handleCallback(Handler.java:938)
04-19 15:55:14.860  1123  1926 W TrustedTimeHelper: 	at android.os.Handler.dispatchMessage(Handler.java:99)
04-19 15:55:14.860  1123  1926 W TrustedTimeHelper: 	at bchj.ih(:com.google.android.gms@261332118@26.13.32 (180300-895912391):1)
04-19 15:55:14.860  1123  1926 W TrustedTimeHelper: 	at bchj.dispatchMessage(:com.google.android.gms@261332118@26.13.32 (180300-895912391):140)
04-19 15:55:14.860  1123  1926 W TrustedTimeHelper: 	at android.os.Looper.loop(Looper.java:223)
04-19 15:55:14.860  1123  1926 W TrustedTimeHelper: 	at android.os.HandlerThread.run(HandlerThread.java:67)
04-19 15:55:14.860   576  1333 D PowerManagerService: updateSuspendBlockerLocked mWakefulness=1,needWakeLockSuspendBlocker=true
04-19 15:55:15.018   576  1333 I chatty  : uid=1000(system) Binder:576_B identical 3 lines
04-19 15:55:15.022   576  1333 D PowerManagerService: updateSuspendBlockerLocked mWakefulness=1,needWakeLockSuspendBlocker=true
04-19 15:55:15.025   576   897 D PowerManagerService: updateSuspendBlockerLocked mWakefulness=1,needWakeLockSuspendBlocker=true
04-19 15:55:15.027   576  1333 D PowerManagerService: updateSuspendBlockerLocked mWakefulness=1,needWakeLockSuspendBlocker=true
04-19 15:55:15.027  1123  5266 I AlarmManager: setExactAndAllowWhileIdle [name: GCM_HB_ALARM type: 2 triggerAtMillis: 2988541]
04-19 15:55:15.029   576  1333 D PowerManagerService: updateSuspendBlockerLocked mWakefulness=1,needWakeLockSuspendBlocker=true
04-19 15:55:15.029   576   897 D PowerManagerService: updateSuspendBlockerLocked mWakefulness=1,needWakeLockSuspendBlocker=true
04-19 15:55:15.033  1123  1829 I FusedLocation: (REDACTED) location delivery to %s blocked - too close
04-19 15:55:15.035  1123  1123 D BoundBrokerSvc: onRebind: Intent { act=com.google.android.gms.libs.gmscorelogger.service.START dat=chimera-action: cmp=com.google.android.gms/.chimera.PersistentDirectBootAwareApiService }
04-19 15:55:15.037   576   897 I chatty  : uid=1000(system) Binder:576_9 identical 2 lines
04-19 15:55:15.039  1414  1414 W ThreadPoolForeg: type=1400 audit(0.0:333): avc: denied { write } for name="traced_producer" dev="tmpfs" ino=14513 scontext=u:r:gmscore_app:s0:c512,c768 tcontext=u:object_r:traced_producer_socket:s0 tclass=sock_file permissive=0 app=com.google.android.gms
04-19 15:55:15.039   576   897 D PowerManagerService: updateSuspendBlockerLocked mWakefulness=1,needWakeLockSuspendBlocker=true
04-19 15:55:15.039   576  2290 D PowerManagerService: updateSuspendBlockerLocked mWakefulness=1,needWakeLockSuspendBlocker=true
04-19 15:55:15.100   576   655 E WifiVendorHal: getWifiLinkLayerStats_1_3_Internal(l.978) failed {.code = ERROR_UNKNOWN, .description = unknown error}
04-19 15:55:15.186   576  2290 D PowerManagerService: updateSuspendBlockerLocked mWakefulness=1,needWakeLockSuspendBlocker=true
04-19 15:55:15.522   328   554 I audio_hw_primary: alsa format =0x1 delay frames =1536 total frames=88064000
04-19 15:55:15.565   576   897 D PowerManagerService: updateSuspendBlockerLocked mWakefulness=1,needWakeLockSuspendBlocker=true
04-19 15:55:15.613   576  2290 D PowerManagerService: updateSuspendBlockerLocked mWakefulness=1,needWakeLockSuspendBlocker=true
04-19 15:55:15.688   576  2290 I chatty  : uid=1000(system) Binder:576_17 identical 2 lines
04-19 15:55:15.694  1123  5292 I NetworkScheduler.Stats: (REDACTED) Task %s/%s started execution. cause:%s exec_start_elapsed_seconds: %s
04-19 15:55:15.695  1123  5292 I NetworkScheduler.Stats: (REDACTED) Task %s/%s started execution. cause:%s exec_start_elapsed_seconds: %s
04-19 15:55:15.699   576  2290 D PowerManagerService: updateSuspendBlockerLocked mWakefulness=1,needWakeLockSuspendBlocker=true
04-19 15:55:16.331   576   576 W Looper  : Slow dispatch took 147ms main h=com.android.server.notification.NotificationManagerService$WorkerHandler c=com.android.server.notification.NotificationManagerService$CancelNotificationRunnable@40abf5 m=0
04-19 15:55:16.479  1123  5293 D SharedPreferencesImpl: Time required to fsync /data/user/0/com.google.android.gms/shared_prefs/CCTQosUploaderService.xml: [<1: 0, <2: 0, <4: 0, <8: 0, <16: 0, <32: 0, <64: 0, <128: 0, <256: 0, <512: 1, <1024: 0, <2048: 0, <4096: 0, <8192: 0, <16384: 0, >=16384: 0]
04-19 15:55:16.612  1294  1633 I katniss_interactor_AssistantWrapperImpl: In state[RUNNING] received signal[TOKEN_REFRESHED].
04-19 15:55:16.619  1294  1633 I assistant: [INFO:hvc_manager_native.cc(408)] Setting Assistant access tokens.
04-19 15:55:16.781   576   897 D PowerManagerService: updateSuspendBlockerLocked mWakefulness=1,needWakeLockSuspendBlocker=true
04-19 15:55:16.784   576  1333 D PowerManagerService: updateSuspendBlockerLocked mWakefulness=1,needWakeLockSuspendBlocker=true
04-19 15:55:16.788  1294  2104 I katniss_interactor_AssistantWrapperImpl: LibAssistant received Auth Token in sign-in mode.
04-19 15:55:17.775   576  1333 D PowerManagerService: updateSuspendBlockerLocked mWakefulness=1,needWakeLockSuspendBlocker=true
04-19 15:55:17.785  1123  5293 W CCTLogStoreUtil: Couldn't parse PlayLoggerContext proto.
04-19 15:55:17.785  1123  5293 W CCTLogStoreUtil: dija: Protocol message contained an invalid tag (zero).
04-19 15:55:17.785  1123  5293 W CCTLogStoreUtil: 	at digk.k(:com.google.android.gms@261332118@26.13.32 (180300-895912391):191)
04-19 15:55:17.785  1123  5293 W CCTLogStoreUtil: 	at dijy.c(:com.google.android.gms@261332118@26.13.32 (180300-895912391):396)
04-19 15:55:17.785  1123  5293 W CCTLogStoreUtil: 	at dijy.i(:com.google.android.gms@261332118@26.13.32 (180300-895912391):8)
04-19 15:55:17.785  1123  5293 W CCTLogStoreUtil: 	at diif.y(:com.google.android.gms@261332118@26.13.32 (180300-895912391):23)
04-19 15:55:17.785  1123  5293 W CCTLogStoreUtil: 	at agoa.create(:com.google.android.gms@261332118@26.13.32 (180300-895912391):31)
04-19 15:55:17.785  1123  5293 W CCTLogStoreUtil: 	at android.util.LruCache.get(LruCache.java:135)
04-19 15:55:17.785  1123  5293 W CCTLogStoreUtil: 	at agon.n(:com.google.android.gms@261332118@26.13.32 (180300-895912391):85)
04-19 15:55:17.785  1123  5293 W CCTLogStoreUtil: 	at com.google.android.gms.clearcut.uploader.QosUploaderChimeraService.g(:com.google.android.gms@261332118@26.13.32 (180300-895912391):957)
04-19 15:55:17.785  1123  5293 W CCTLogStoreUtil: 	at com.google.android.gms.clearcut.uploader.QosUploaderChimeraService.a(:com.google.android.gms@261332118@26.13.32 (180300-895912391):42)
04-19 15:55:17.785  1123  5293 W CCTLogStoreUtil: 	at bcix.call(:com.google.android.gms@261332118@26.13.32 (180300-895912391):30)
04-19 15:55:17.785  1123  5293 W CCTLogStoreUtil: 	at java.util.concurrent.FutureTask.run(FutureTask.java:266)
04-19 15:55:17.785  1123  5293 W CCTLogStoreUtil: 	at aisr.c(:com.google.android.gms@261332118@26.13.32 (180300-895912391):50)
04-19 15:55:17.785  1123  5293 W CCTLogStoreUtil: 	at aisr.run(:com.google.android.gms@261332118@26.13.32 (180300-895912391):73)
04-19 15:55:17.785  1123  5293 W CCTLogStoreUtil: 	at java.util.concurrent.ThreadPoolExecutor.runWorker(ThreadPoolExecutor.java:1167)
04-19 15:55:17.785  1123  5293 W CCTLogStoreUtil: 	at java.util.concurrent.ThreadPoolExecutor$Worker.run(ThreadPoolExecutor.java:641)
04-19 15:55:17.785  1123  5293 W CCTLogStoreUtil: 	at aiyc.run(:com.google.android.gms@261332118@26.13.32 (180300-895912391):8)
04-19 15:55:17.785  1123  5293 W CCTLogStoreUtil: 	at java.lang.Thread.run(Thread.java:923)
04-19 15:55:17.792  2109  2109 I cast_shell: [0419/155517.792533:INFO:ccs_transport_gcm.cc(47)] Record action: Cloud.Transport.Gcm.Message.Received
04-19 15:55:17.792  2109  2109 I cast_shell: [0419/155517.792822:INFO:ccs_transport_gcm.cc(47)] Record action: Cloud.Transport.Gcm.GetStatus.Received
04-19 15:55:17.796  2109  2109 I cast_shell: [0419/155517.796209:INFO:ccs_transport_gcm.cc(47)] Record action: Cloud.Transport.Gcm.GetStatus.In
04-19 15:55:17.796  2109  2109 I cast_shell: [0419/155517.796448:INFO:ccs_manager_impl.cc(1163)] Handling GET_STATUS message from CCS.
04-19 15:55:17.800  2109  2109 I cast_shell: [0419/155517.800231:INFO:metrics_recorder.cc(193)] cast event: Cloud.Transport.Https.Status.Out
04-19 15:55:17.953  2109  2109 I cast_shell: [0419/155517.953526:INFO:metrics_recorder.cc(193)] cast event: Cloud.Transport.Https.Status.Out.Success
04-19 15:55:18.114   576   655 E WifiVendorHal: getWifiLinkLayerStats_1_3_Internal(l.978) failed {.code = ERROR_UNKNOWN, .description = unknown error}
04-19 15:55:18.162  1123  1123 D BoundBrokerSvc: onRebind: Intent { act=com.google.android.gms.auth.aang.events.services.START dat=chimera-action: cmp=com.google.android.gms/.chimera.PersistentApiService }
04-19 15:55:18.355  1123  1135 W .gms.persisten: Reducing the number of considered missed Gc histogram windows from 152 to 100
04-19 15:55:19.062  1123  5293 I CCTUploader: Failed to get auth token for log sources [[GAMES]] because the account doesn't exist on the device.
04-19 15:55:19.153  1123  5293 I chatty  : uid=10045(com.google.android.gms) lowpool[67] identical 4 lines
04-19 15:55:19.157  1123  5293 I CCTUploader: Failed to get auth token for log sources [[GAMES]] because the account doesn't exist on the device.
04-19 15:55:19.209   576   897 D PowerManagerService: updateSuspendBlockerLocked mWakefulness=1,needWakeLockSuspendBlocker=true
04-19 15:55:19.211   576   897 D PowerManagerService: updateSuspendBlockerLocked mWakefulness=1,needWakeLockSuspendBlocker=true
04-19 15:55:19.211  1123  5293 I NetworkScheduler.Stats: (REDACTED) Task %s/%s finished executing. cause:%s result: %s elapsed_millis: %s uptime_millis: %s exec_start_elapsed_seconds: %s
04-19 15:55:19.218   576  1354 D PowerManagerService: updateSuspendBlockerLocked mWakefulness=1,needWakeLockSuspendBlocker=true
04-19 15:55:19.219   576  1354 I chatty  : uid=1000(system) Binder:576_F identical 1 line
04-19 15:55:19.247   576  1354 D PowerManagerService: updateSuspendBlockerLocked mWakefulness=1,needWakeLockSuspendBlocker=true
04-19 15:55:19.270   576   897 D PowerManagerService: updateSuspendBlockerLocked mWakefulness=1,needWakeLockSuspendBlocker=true
04-19 15:55:19.272   576   897 D PowerManagerService: updateSuspendBlockerLocked mWakefulness=1,needWakeLockSuspendBlocker=true
04-19 15:55:19.273   576  1354 D PowerManagerService: updateSuspendBlockerLocked mWakefulness=1,needWakeLockSuspendBlocker=true
04-19 15:55:19.274  1123  5293 I NetworkScheduler.Stats: (REDACTED) Task %s/%s finished executing. cause:%s result: %s elapsed_millis: %s uptime_millis: %s exec_start_elapsed_seconds: %s
04-19 15:55:19.279   576   897 D PowerManagerService: updateSuspendBlockerLocked mWakefulness=1,needWakeLockSuspendBlocker=true
04-19 15:55:19.279   576   897 D PowerManagerService: updateSuspendBlockerLocked mWakefulness=1,needWakeLockSuspendBlocker=true
04-19 15:55:19.289  1123  5266 I NetworkScheduler.Stats: (REDACTED) Task %s/%s started execution. cause:%s exec_start_elapsed_seconds: %s
04-19 15:55:19.308   576  1354 D PowerManagerService: updateSuspendBlockerLocked mWakefulness=1,needWakeLockSuspendBlocker=true
04-19 15:55:19.336   576   897 D PowerManagerService: updateSuspendBlockerLocked mWakefulness=1,needWakeLockSuspendBlocker=true
04-19 15:55:19.346  1123  5266 I NetworkScheduler.Stats: (REDACTED) Task %s/%s started execution. cause:%s exec_start_elapsed_seconds: %s
04-19 15:55:19.365  1123  5288 I PhenotypeResourceReader: unable to find any Phenotype resource metadata for com.google.android.apps.mediashell
04-19 15:55:19.424  1123  5288 I PhenotypeResourceReader: unable to find any Phenotype resource metadata for com.google.android.onetimeinitializer
04-19 15:55:19.706  1123  5288 I PhenotypeResourceReader: unable to find any Phenotype resource metadata for com.google.android.modulemetadata
04-19 15:55:19.847  1123  5288 I PhenotypeResourceReader: unable to find any Phenotype resource metadata for com.google.android.gsf
04-19 15:55:19.880  1123  5288 I PhenotypeResourceReader: unable to find any Phenotype resource metadata for com.google.android.partnersetup
04-19 15:55:19.964  1123  5288 I PhenotypeResourceReader: unable to find any Phenotype resource metadata for com.google.android.feedback
04-19 15:55:19.969  1123  5288 I PhenotypeResourceReader: unable to find any Phenotype resource metadata for com.google.android.syncadapters.calendar
04-19 15:55:20.009  1123  5288 I PhenotypeResourceReader: unable to find any Phenotype resource metadata for com.google.android.sss.authbridge
04-19 15:55:20.187   576  2284 D PowerManagerService: updateSuspendBlockerLocked mWakefulness=1,needWakeLockSuspendBlocker=true
04-19 15:55:20.189   576  2290 D PowerManagerService: updateSuspendBlockerLocked mWakefulness=1,needWakeLockSuspendBlocker=true
04-19 15:55:20.190  1123  5266 I NetworkScheduler.Stats: (REDACTED) Task %s/%s finished executing. cause:%s result: %s elapsed_millis: %s uptime_millis: %s exec_start_elapsed_seconds: %s
04-19 15:55:20.194   576  1354 D PowerManagerService: updateSuspendBlockerLocked mWakefulness=1,needWakeLockSuspendBlocker=true
04-19 15:55:20.847  1123  5288 I HeterodyneSyncer: (REDACTED) Removed %d invalid users
04-19 15:55:20.856   328   554 I audio_hw_primary: alsa format =0x1 delay frames =1536 total frames=88320000
04-19 15:55:21.128   576   655 E WifiVendorHal: getWifiLinkLayerStats_1_3_Internal(l.978) failed {.code = ERROR_UNKNOWN, .description = unknown error}
04-19 15:55:21.326  1123  5288 I HeterodyneSyncer: (REDACTED) Syncing with Heterodyne. Reason: %s
04-19 15:55:21.355  1123  5288 I CompressionUtils: Compression error with Brotli, try to fall back to other compression algorithms. Native Brotli library does not exist
04-19 15:55:22.495  1123  5288 I HeterodyneSyncer: (REDACTED) Sync completed. fetchReason: %s, fetchPackageName: %s, syncErrorType: %s, individual sync errors: %s.
04-19 15:55:22.506     0     0 I [ 1856.021389@1]  binder: 1123:5288 transaction failed 29189/-22, size 280-0 line 2847
04-19 15:55:22.506  1123  5288 W FlagUpdateListenerRegis: Unable to invoke IFlagUpdateListener.onFlagUpdate. App: com.google.android.gms. Process: com.google.android.gms.unstable|256590563. Error: android.os.DeadObjectException. [CONTEXT service_id=51 ]
04-19 15:55:22.542  1123  5288 I HeterodyneSyncer: (REDACTED) Finished notifying packages after sync. syncLatency: %d
04-19 15:55:22.573  1123  5288 I HeterodyneSyncScheduler: (REDACTED) Scheduling adaptive one off task with window [%d, %d] in seconds
04-19 15:55:22.595   576  2284 D PowerManagerService: updateSuspendBlockerLocked mWakefulness=1,needWakeLockSuspendBlocker=false
04-19 15:55:22.597   576  2284 D PowerManagerService: updateSuspendBlockerLocked mWakefulness=1,needWakeLockSuspendBlocker=true
